2025-05-20T16:22:19+00:00 liaserver2 kernel: e1000: enp0s3 NIC Link is Up 1000 Mbps Full Duplex, Flow Control: RX
2025-05-21T12:34:50+00:00 liaserver2 kernel: Linux version 6.8.0-53-generic (buildd@lcy02-amd64-046) (x86_64-linux-gnu-gcc-13 (Ubuntu 13.3.0-6ubuntu2~24.04) 13.3.0, GNU ld (GNU Binutils for Ubuntu) 2.42) #55-Ubuntu SMP PREEMPT_DYNAMIC Fri Jan 17 15:37:52 UTC 2025 (Ubuntu 6.8.0-53.55-generic 6.8.12)
2025-05-21T12:34:50+00:00 liaserver2 kernel: Command line: BOOT_IMAGE=/vmlinuz-6.8.0-53-generic root=/dev/mapper/ubuntu--vg-ubuntu--lv ro
2025-05-21T12:34:50+00:00 liaserver2 kernel: KERNEL supported cpus:
2025-05-21T12:34:50+00:00 liaserver2 kernel:   Intel GenuineIntel
2025-05-21T12:34:50+00:00 liaserver2 kernel:   AMD AuthenticAMD
2025-05-21T12:34:50+00:00 liaserver2 kernel:   Hygon HygonGenuine
2025-05-21T12:34:50+00:00 liaserver2 kernel:   Centaur CentaurHauls
2025-05-21T12:34:50+00:00 liaserver2 kernel:   zhaoxin   Shanghai  
2025-05-21T12:34:50+00:00 liaserver2 kernel: [Firmware Bug]: TSC doesn't count with P0 frequency!
2025-05-21T12:34:50+00:00 liaserver2 kernel: BIOS-provided physical RAM map:
2025-05-21T12:34:50+00:00 liaserver2 kernel: BIOS-e820: [mem 0x0000000000000000-0x000000000009fbff] usable
2025-05-21T12:34:50+00:00 liaserver2 kernel: BIOS-e820: [mem 0x000000000009fc00-0x000000000009ffff] reserved
2025-05-21T12:34:50+00:00 liaserver2 kernel: BIOS-e820: [mem 0x00000000000f0000-0x00000000000fffff] reserved
2025-05-21T12:34:50+00:00 liaserver2 kernel: BIOS-e820: [mem 0x0000000000100000-0x000000007ffeffff] usable
2025-05-21T12:34:50+00:00 liaserver2 kernel: BIOS-e820: [mem 0x000000007fff0000-0x000000007fffffff] ACPI data
2025-05-21T12:34:50+00:00 liaserver2 kernel: BIOS-e820: [mem 0x00000000fec00000-0x00000000fec00fff] reserved
2025-05-21T12:34:50+00:00 liaserver2 kernel: BIOS-e820: [mem 0x00000000fee00000-0x00000000fee00fff] reserved
2025-05-21T12:34:50+00:00 liaserver2 kernel: BIOS-e820: [mem 0x00000000fffc0000-0x00000000ffffffff] reserved
2025-05-21T12:34:50+00:00 liaserver2 kernel: NX (Execute Disable) protection: active
2025-05-21T12:34:50+00:00 liaserver2 kernel: APIC: Static calls initialized
2025-05-21T12:34:50+00:00 liaserver2 kernel: SMBIOS 2.5 present.
2025-05-21T12:34:50+00:00 liaserver2 kernel: DMI: innotek GmbH VirtualBox/VirtualBox, BIOS VirtualBox 12/01/2006
2025-05-21T12:34:50+00:00 liaserver2 kernel: Hypervisor detected: KVM
2025-05-21T12:34:50+00:00 liaserver2 kernel: kvm-clock: Using msrs 4b564d01 and 4b564d00
2025-05-21T12:34:50+00:00 liaserver2 kernel: kvm-clock: using sched offset of 5323967249 cycles
2025-05-21T12:34:50+00:00 liaserver2 kernel: clocksource: kvm-clock: mask: 0xffffffffffffffff max_cycles: 0x1cd42e4dffb, max_idle_ns: 881590591483 ns
2025-05-21T12:34:50+00:00 liaserver2 kernel: tsc: Detected 2096.060 MHz processor
2025-05-21T12:34:50+00:00 liaserver2 kernel: e820: update [mem 0x00000000-0x00000fff] usable ==> reserved
2025-05-21T12:34:50+00:00 liaserver2 kernel: e820: remove [mem 0x000a0000-0x000fffff] usable
2025-05-21T12:34:50+00:00 liaserver2 kernel: last_pfn = 0x7fff0 max_arch_pfn = 0x400000000
2025-05-21T12:34:50+00:00 liaserver2 kernel: MTRR map: 4 entries (3 fixed + 1 variable; max 35), built from 16 variable MTRRs
2025-05-21T12:34:50+00:00 liaserver2 kernel: x86/PAT: Configuration [0-7]: WB  WC  UC- UC  WB  WP  UC- WT  
2025-05-21T12:34:50+00:00 liaserver2 kernel: found SMP MP-table at [mem 0x0009fbf0-0x0009fbff]
2025-05-21T12:34:50+00:00 liaserver2 kernel: RAMDISK: [mem 0x2ffb7000-0x33fd2fff]
2025-05-21T12:34:50+00:00 liaserver2 kernel: ACPI: Early table checksum verification disabled
2025-05-21T12:34:50+00:00 liaserver2 kernel: ACPI: RSDP 0x00000000000E0000 000024 (v02 VBOX  )
2025-05-21T12:34:50+00:00 liaserver2 kernel: ACPI: XSDT 0x000000007FFF0030 00003C (v01 VBOX   VBOXXSDT 00000001 ASL  00000061)
2025-05-21T12:34:50+00:00 liaserver2 kernel: ACPI: FACP 0x000000007FFF00F0 0000F4 (v04 VBOX   VBOXFACP 00000001 ASL  00000061)
2025-05-21T12:34:50+00:00 liaserver2 kernel: ACPI: DSDT 0x000000007FFF0610 002353 (v02 VBOX   VBOXBIOS 00000002 INTL 20100528)
2025-05-21T12:34:50+00:00 liaserver2 kernel: ACPI: FACS 0x000000007FFF0200 000040
2025-05-21T12:34:50+00:00 liaserver2 kernel: ACPI: FACS 0x000000007FFF0200 000040
2025-05-21T12:34:50+00:00 liaserver2 kernel: ACPI: APIC 0x000000007FFF0240 00005C (v02 VBOX   VBOXAPIC 00000001 ASL  00000061)
2025-05-21T12:34:50+00:00 liaserver2 kernel: ACPI: SSDT 0x000000007FFF02A0 00036C (v01 VBOX   VBOXCPUT 00000002 INTL 20100528)
2025-05-21T12:34:50+00:00 liaserver2 kernel: ACPI: Reserving FACP table memory at [mem 0x7fff00f0-0x7fff01e3]
2025-05-21T12:34:50+00:00 liaserver2 kernel: ACPI: Reserving DSDT table memory at [mem 0x7fff0610-0x7fff2962]
2025-05-21T12:34:50+00:00 liaserver2 kernel: ACPI: Reserving FACS table memory at [mem 0x7fff0200-0x7fff023f]
2025-05-21T12:34:50+00:00 liaserver2 kernel: ACPI: Reserving FACS table memory at [mem 0x7fff0200-0x7fff023f]
2025-05-21T12:34:50+00:00 liaserver2 kernel: ACPI: Reserving APIC table memory at [mem 0x7fff0240-0x7fff029b]
2025-05-21T12:34:50+00:00 liaserver2 kernel: ACPI: Reserving SSDT table memory at [mem 0x7fff02a0-0x7fff060b]
2025-05-21T12:34:50+00:00 liaserver2 kernel: No NUMA configuration found
2025-05-21T12:34:50+00:00 liaserver2 kernel: Faking a node at [mem 0x0000000000000000-0x000000007ffeffff]
2025-05-21T12:34:50+00:00 liaserver2 kernel: NODE_DATA(0) allocated [mem 0x7ffc5000-0x7ffeffff]
2025-05-21T12:34:50+00:00 liaserver2 kernel: Zone ranges:
2025-05-21T12:34:50+00:00 liaserver2 kernel:   DMA      [mem 0x0000000000001000-0x0000000000ffffff]
2025-05-21T12:34:50+00:00 liaserver2 kernel:   DMA32    [mem 0x0000000001000000-0x000000007ffeffff]
2025-05-21T12:34:50+00:00 liaserver2 kernel:   Normal   empty
2025-05-21T12:34:50+00:00 liaserver2 kernel:   Device   empty
2025-05-21T12:34:50+00:00 liaserver2 kernel: Movable zone start for each node
2025-05-21T12:34:50+00:00 liaserver2 kernel: Early memory node ranges
2025-05-21T12:34:50+00:00 liaserver2 kernel:   node   0: [mem 0x0000000000001000-0x000000000009efff]
2025-05-21T12:34:50+00:00 liaserver2 kernel:   node   0: [mem 0x0000000000100000-0x000000007ffeffff]
2025-05-21T12:34:50+00:00 liaserver2 kernel: Initmem setup node 0 [mem 0x0000000000001000-0x000000007ffeffff]
2025-05-21T12:34:50+00:00 liaserver2 kernel: On node 0, zone DMA: 1 pages in unavailable ranges
2025-05-21T12:34:50+00:00 liaserver2 kernel: On node 0, zone DMA: 97 pages in unavailable ranges
2025-05-21T12:34:50+00:00 liaserver2 kernel: On node 0, zone DMA32: 16 pages in unavailable ranges
2025-05-21T12:34:50+00:00 liaserver2 kernel: ACPI: PM-Timer IO Port: 0x4008
2025-05-21T12:34:50+00:00 liaserver2 kernel: IOAPIC[0]: apic_id 2, version 32, address 0xfec00000, GSI 0-23
2025-05-21T12:34:50+00:00 liaserver2 kernel: ACPI: INT_SRC_OVR (bus 0 bus_irq 0 global_irq 2 dfl dfl)
2025-05-21T12:34:50+00:00 liaserver2 kernel: ACPI: INT_SRC_OVR (bus 0 bus_irq 9 global_irq 9 low level)
2025-05-21T12:34:50+00:00 liaserver2 kernel: ACPI: Using ACPI (MADT) for SMP configuration information
2025-05-21T12:34:50+00:00 liaserver2 kernel: smpboot: Allowing 2 CPUs, 0 hotplug CPUs
2025-05-21T12:34:50+00:00 liaserver2 kernel: PM: hibernation: Registered nosave memory: [mem 0x00000000-0x00000fff]
2025-05-21T12:34:50+00:00 liaserver2 kernel: PM: hibernation: Registered nosave memory: [mem 0x0009f000-0x0009ffff]
2025-05-21T12:34:50+00:00 liaserver2 kernel: PM: hibernation: Registered nosave memory: [mem 0x000a0000-0x000effff]
2025-05-21T12:34:50+00:00 liaserver2 kernel: PM: hibernation: Registered nosave memory: [mem 0x000f0000-0x000fffff]
2025-05-21T12:34:50+00:00 liaserver2 kernel: [mem 0x80000000-0xfebfffff] available for PCI devices
2025-05-21T12:34:50+00:00 liaserver2 kernel: Booting paravirtualized kernel on KVM
2025-05-21T12:34:50+00:00 liaserver2 kernel: clocksource: refined-jiffies: mask: 0xffffffff max_cycles: 0xffffffff, max_idle_ns: 1910969940391419 ns
2025-05-21T12:34:50+00:00 liaserver2 kernel: setup_percpu: NR_CPUS:8192 nr_cpumask_bits:2 nr_cpu_ids:2 nr_node_ids:1
2025-05-21T12:34:50+00:00 liaserver2 kernel: percpu: Embedded 86 pages/cpu s229376 r8192 d114688 u1048576
2025-05-21T12:34:50+00:00 liaserver2 kernel: pcpu-alloc: s229376 r8192 d114688 u1048576 alloc=1*2097152
2025-05-21T12:34:50+00:00 liaserver2 kernel: pcpu-alloc: [0] 0 1 
2025-05-21T12:34:50+00:00 liaserver2 kernel: kvm-guest: PV spinlocks enabled
2025-05-21T12:34:50+00:00 liaserver2 kernel: PV qspinlock hash table entries: 256 (order: 0, 4096 bytes, linear)
2025-05-21T12:34:50+00:00 liaserver2 kernel: Kernel command line: BOOT_IMAGE=/vmlinuz-6.8.0-53-generic root=/dev/mapper/ubuntu--vg-ubuntu--lv ro
2025-05-21T12:34:50+00:00 liaserver2 kernel: Unknown kernel command line parameters "BOOT_IMAGE=/vmlinuz-6.8.0-53-generic", will be passed to user space.
2025-05-21T12:34:50+00:00 liaserver2 kernel: random: crng init done
2025-05-21T12:34:50+00:00 liaserver2 kernel: Dentry cache hash table entries: 262144 (order: 9, 2097152 bytes, linear)
2025-05-21T12:34:51+00:00 liaserver2 kernel: Inode-cache hash table entries: 131072 (order: 8, 1048576 bytes, linear)
2025-05-21T12:34:51+00:00 liaserver2 kernel: Fallback order for Node 0: 0 
2025-05-21T12:34:51+00:00 liaserver2 kernel: Built 1 zonelists, mobility grouping on.  Total pages: 515824
2025-05-21T12:34:51+00:00 liaserver2 kernel: Policy zone: DMA32
2025-05-21T12:34:51+00:00 liaserver2 kernel: mem auto-init: stack:all(zero), heap alloc:on, heap free:off
2025-05-21T12:34:51+00:00 liaserver2 kernel: Memory: 1940072K/2096696K available (22528K kernel code, 4443K rwdata, 14344K rodata, 4988K init, 4716K bss, 156364K reserved, 0K cma-reserved)
2025-05-21T12:34:51+00:00 liaserver2 kernel: SLUB: HWalign=64, Order=0-3, MinObjects=0, CPUs=2, Nodes=1
2025-05-21T12:34:51+00:00 liaserver2 kernel: ftrace: allocating 58006 entries in 227 pages
2025-05-21T12:34:51+00:00 liaserver2 kernel: ftrace: allocated 227 pages with 5 groups
2025-05-21T12:34:51+00:00 liaserver2 kernel: Dynamic Preempt: voluntary
2025-05-21T12:34:51+00:00 liaserver2 kernel: rcu: Preemptible hierarchical RCU implementation.
2025-05-21T12:34:51+00:00 liaserver2 kernel: rcu: #011RCU restricting CPUs from NR_CPUS=8192 to nr_cpu_ids=2.
2025-05-21T12:34:51+00:00 liaserver2 kernel: #011Trampoline variant of Tasks RCU enabled.
2025-05-21T12:34:51+00:00 liaserver2 kernel: #011Rude variant of Tasks RCU enabled.
2025-05-21T12:34:51+00:00 liaserver2 kernel: #011Tracing variant of Tasks RCU enabled.
2025-05-21T12:34:51+00:00 liaserver2 kernel: rcu: RCU calculated value of scheduler-enlistment delay is 100 jiffies.
2025-05-21T12:34:51+00:00 liaserver2 kernel: rcu: Adjusting geometry for rcu_fanout_leaf=16, nr_cpu_ids=2
2025-05-21T12:34:51+00:00 liaserver2 kernel: NR_IRQS: 524544, nr_irqs: 440, preallocated irqs: 16
2025-05-21T12:34:51+00:00 liaserver2 kernel: rcu: srcu_init: Setting srcu_struct sizes based on contention.
2025-05-21T12:34:51+00:00 liaserver2 kernel: Console: colour VGA+ 80x25
2025-05-21T12:34:51+00:00 liaserver2 kernel: printk: legacy console [tty0] enabled
2025-05-21T12:34:51+00:00 liaserver2 kernel: ACPI: Core revision 20230628
2025-05-21T12:34:51+00:00 liaserver2 kernel: APIC: Switch to symmetric I/O mode setup
2025-05-21T12:34:51+00:00 liaserver2 kernel: x2apic enabled
2025-05-21T12:34:51+00:00 liaserver2 kernel: APIC: Switched APIC routing to: physical x2apic
2025-05-21T12:34:51+00:00 liaserver2 kernel: ..TIMER: vector=0x30 apic1=0 pin1=2 apic2=-1 pin2=-1
2025-05-21T12:34:51+00:00 liaserver2 kernel: clocksource: tsc-early: mask: 0xffffffffffffffff max_cycles: 0x1e36a685b69, max_idle_ns: 440795255641 ns
2025-05-21T12:34:51+00:00 liaserver2 kernel: Calibrating delay loop (skipped) preset value.. 4192.12 BogoMIPS (lpj=2096060)
2025-05-21T12:34:51+00:00 liaserver2 kernel: Last level iTLB entries: 4KB 1024, 2MB 1024, 4MB 512
2025-05-21T12:34:51+00:00 liaserver2 kernel: Last level dTLB entries: 4KB 2048, 2MB 2048, 4MB 1024, 1GB 0
2025-05-21T12:34:51+00:00 liaserver2 kernel: Spectre V1 : Mitigation: usercopy/swapgs barriers and __user pointer sanitization
2025-05-21T12:34:51+00:00 liaserver2 kernel: Spectre V2 : Mitigation: Retpolines
2025-05-21T12:34:51+00:00 liaserver2 kernel: Spectre V2 : Spectre v2 / SpectreRSB mitigation: Filling RSB on context switch
2025-05-21T12:34:51+00:00 liaserver2 kernel: Spectre V2 : Spectre v2 / SpectreRSB : Filling RSB on VMEXIT
2025-05-21T12:34:51+00:00 liaserver2 kernel: RETBleed: Mitigation: untrained return thunk
2025-05-21T12:34:51+00:00 liaserver2 kernel: Speculative Return Stack Overflow: IBPB-extending microcode not applied!
2025-05-21T12:34:51+00:00 liaserver2 kernel: Speculative Return Stack Overflow: WARNING: See https://kernel.org/doc/html/latest/admin-guide/hw-vuln/srso.html for mitigation options.
2025-05-21T12:34:51+00:00 liaserver2 kernel: Speculative Return Stack Overflow: Vulnerable: Safe RET, no microcode
2025-05-21T12:34:51+00:00 liaserver2 kernel: x86/fpu: Supporting XSAVE feature 0x001: 'x87 floating point registers'
2025-05-21T12:34:51+00:00 liaserver2 kernel: x86/fpu: Supporting XSAVE feature 0x002: 'SSE registers'
2025-05-21T12:34:51+00:00 liaserver2 kernel: x86/fpu: Supporting XSAVE feature 0x004: 'AVX registers'
2025-05-21T12:34:51+00:00 liaserver2 kernel: x86/fpu: xstate_offset[2]:  576, xstate_sizes[2]:  256
2025-05-21T12:34:51+00:00 liaserver2 kernel: x86/fpu: Enabled xstate features 0x7, context size is 832 bytes, using 'standard' format.
2025-05-21T12:34:51+00:00 liaserver2 kernel: Freeing SMP alternatives memory: 48K
2025-05-21T12:34:51+00:00 liaserver2 kernel: pid_max: default: 32768 minimum: 301
2025-05-21T12:34:51+00:00 liaserver2 kernel: LSM: initializing lsm=lockdown,capability,landlock,yama,apparmor,integrity
2025-05-21T12:34:51+00:00 liaserver2 kernel: landlock: Up and running.
2025-05-21T12:34:51+00:00 liaserver2 kernel: Yama: becoming mindful.
2025-05-21T12:34:51+00:00 liaserver2 kernel: AppArmor: AppArmor initialized
2025-05-21T12:34:51+00:00 liaserver2 kernel: Mount-cache hash table entries: 4096 (order: 3, 32768 bytes, linear)
2025-05-21T12:34:51+00:00 liaserver2 kernel: Mountpoint-cache hash table entries: 4096 (order: 3, 32768 bytes, linear)
2025-05-21T12:34:51+00:00 liaserver2 kernel: APIC calibration not consistent with PM-Timer: 106ms instead of 100ms
2025-05-21T12:34:51+00:00 liaserver2 kernel: APIC delta adjusted to PM-Timer: 6300723 (6691788)
2025-05-21T12:34:51+00:00 liaserver2 kernel: smpboot: CPU0: AMD Ryzen 5 5500U with Radeon Graphics (family: 0x17, model: 0x68, stepping: 0x1)
2025-05-21T12:34:51+00:00 liaserver2 kernel: RCU Tasks: Setting shift to 1 and lim to 1 rcu_task_cb_adjust=1 rcu_task_cpu_ids=2.
2025-05-21T12:34:51+00:00 liaserver2 kernel: RCU Tasks Rude: Setting shift to 1 and lim to 1 rcu_task_cb_adjust=1 rcu_task_cpu_ids=2.
2025-05-21T12:34:51+00:00 liaserver2 kernel: RCU Tasks Trace: Setting shift to 1 and lim to 1 rcu_task_cb_adjust=1 rcu_task_cpu_ids=2.
2025-05-21T12:34:51+00:00 liaserver2 kernel: Performance Events: PMU not available due to virtualization, using software events only.
2025-05-21T12:34:51+00:00 liaserver2 kernel: signal: max sigframe size: 1776
2025-05-21T12:34:51+00:00 liaserver2 kernel: rcu: Hierarchical SRCU implementation.
2025-05-21T12:34:51+00:00 liaserver2 kernel: rcu: #011Max phase no-delay instances is 400.
2025-05-21T12:34:51+00:00 liaserver2 kernel: NMI watchdog: Perf NMI watchdog permanently disabled
2025-05-21T12:34:51+00:00 liaserver2 kernel: smp: Bringing up secondary CPUs ...
2025-05-21T12:34:51+00:00 liaserver2 kernel: smpboot: x86: Booting SMP configuration:
2025-05-21T12:34:51+00:00 liaserver2 kernel: .... node  #0, CPUs:      #1
2025-05-21T12:34:51+00:00 liaserver2 kernel: smp: Brought up 1 node, 2 CPUs
2025-05-21T12:34:51+00:00 liaserver2 kernel: smpboot: Max logical packages: 1
2025-05-21T12:34:51+00:00 liaserver2 kernel: smpboot: Total of 2 processors activated (8384.24 BogoMIPS)
2025-05-21T12:34:51+00:00 liaserver2 kernel: devtmpfs: initialized
2025-05-21T12:34:51+00:00 liaserver2 kernel: x86/mm: Memory block size: 128MB
2025-05-21T12:34:51+00:00 liaserver2 kernel: clocksource: jiffies: mask: 0xffffffff max_cycles: 0xffffffff, max_idle_ns: 1911260446275000 ns
2025-05-21T12:34:51+00:00 liaserver2 kernel: futex hash table entries: 512 (order: 3, 32768 bytes, linear)
2025-05-21T12:34:51+00:00 liaserver2 kernel: pinctrl core: initialized pinctrl subsystem
2025-05-21T12:34:51+00:00 liaserver2 kernel: PM: RTC time: 12:34:43, date: 2025-05-21
2025-05-21T12:34:51+00:00 liaserver2 kernel: NET: Registered PF_NETLINK/PF_ROUTE protocol family
2025-05-21T12:34:51+00:00 liaserver2 kernel: DMA: preallocated 256 KiB GFP_KERNEL pool for atomic allocations
2025-05-21T12:34:51+00:00 liaserver2 kernel: DMA: preallocated 256 KiB GFP_KERNEL|GFP_DMA pool for atomic allocations
2025-05-21T12:34:51+00:00 liaserver2 kernel: DMA: preallocated 256 KiB GFP_KERNEL|GFP_DMA32 pool for atomic allocations
2025-05-21T12:34:51+00:00 liaserver2 kernel: audit: initializing netlink subsys (disabled)
2025-05-21T12:34:51+00:00 liaserver2 kernel: audit: type=2000 audit(1747830890.434:1): state=initialized audit_enabled=0 res=1
2025-05-21T12:34:51+00:00 liaserver2 kernel: thermal_sys: Registered thermal governor 'fair_share'
2025-05-21T12:34:51+00:00 liaserver2 kernel: thermal_sys: Registered thermal governor 'bang_bang'
2025-05-21T12:34:51+00:00 liaserver2 kernel: thermal_sys: Registered thermal governor 'step_wise'
2025-05-21T12:34:51+00:00 liaserver2 kernel: thermal_sys: Registered thermal governor 'user_space'
2025-05-21T12:34:51+00:00 liaserver2 kernel: thermal_sys: Registered thermal governor 'power_allocator'
2025-05-21T12:34:51+00:00 liaserver2 kernel: EISA bus registered
2025-05-21T12:34:51+00:00 liaserver2 kernel: cpuidle: using governor ladder
2025-05-21T12:34:51+00:00 liaserver2 kernel: cpuidle: using governor menu
2025-05-21T12:34:51+00:00 liaserver2 kernel: acpiphp: ACPI Hot Plug PCI Controller Driver version: 0.5
2025-05-21T12:34:51+00:00 liaserver2 kernel: PCI: Using configuration type 1 for base access
2025-05-21T12:34:51+00:00 liaserver2 kernel: PCI: Using configuration type 1 for extended access
2025-05-21T12:34:51+00:00 liaserver2 kernel: mtrr: your CPUs had inconsistent variable MTRR settings
2025-05-21T12:34:51+00:00 liaserver2 kernel: mtrr: probably your BIOS does not setup all CPUs.
2025-05-21T12:34:51+00:00 liaserver2 kernel: mtrr: corrected configuration.
2025-05-21T12:34:51+00:00 liaserver2 kernel: kprobes: kprobe jump-optimization is enabled. All kprobes are optimized if possible.
2025-05-21T12:34:51+00:00 liaserver2 kernel: HugeTLB: registered 2.00 MiB page size, pre-allocated 0 pages
2025-05-21T12:34:51+00:00 liaserver2 kernel: HugeTLB: 28 KiB vmemmap can be freed for a 2.00 MiB page
2025-05-21T12:34:51+00:00 liaserver2 kernel: ACPI: Added _OSI(Module Device)
2025-05-21T12:34:51+00:00 liaserver2 kernel: ACPI: Added _OSI(Processor Device)
2025-05-21T12:34:51+00:00 liaserver2 kernel: ACPI: Added _OSI(3.0 _SCP Extensions)
2025-05-21T12:34:51+00:00 liaserver2 kernel: ACPI: Added _OSI(Processor Aggregator Device)
2025-05-21T12:34:51+00:00 liaserver2 kernel: ACPI: 2 ACPI AML tables successfully acquired and loaded
2025-05-21T12:34:51+00:00 liaserver2 kernel: ACPI: _OSC evaluation for CPUs failed, trying _PDC
2025-05-21T12:34:51+00:00 liaserver2 kernel: ACPI: Interpreter enabled
2025-05-21T12:34:51+00:00 liaserver2 kernel: ACPI: PM: (supports S0 S5)
2025-05-21T12:34:51+00:00 liaserver2 kernel: ACPI: Using IOAPIC for interrupt routing
2025-05-21T12:34:51+00:00 liaserver2 kernel: PCI: Using host bridge windows from ACPI; if necessary, use "pci=nocrs" and report a bug
2025-05-21T12:34:51+00:00 liaserver2 kernel: PCI: Using E820 reservations for host bridge windows
2025-05-21T12:34:51+00:00 liaserver2 kernel: ACPI: Enabled 2 GPEs in block 00 to 07
2025-05-21T12:34:51+00:00 liaserver2 kernel: ACPI: PCI Root Bridge [PCI0] (domain 0000 [bus 00-ff])
2025-05-21T12:34:51+00:00 liaserver2 kernel: acpi PNP0A03:00: _OSC: OS supports [ExtendedConfig ASPM ClockPM Segments MSI EDR HPX-Type3]
2025-05-21T12:34:51+00:00 liaserver2 kernel: acpi PNP0A03:00: _OSC: platform does not support [PCIeCapability LTR DPC]
2025-05-21T12:34:51+00:00 liaserver2 kernel: acpi PNP0A03:00: _OSC: not requesting control; platform does not support [PCIeCapability]
2025-05-21T12:34:51+00:00 liaserver2 kernel: acpi PNP0A03:00: _OSC: OS requested [PCIeHotplug SHPCHotplug PME AER PCIeCapability LTR DPC]
2025-05-21T12:34:51+00:00 liaserver2 kernel: acpi PNP0A03:00: _OSC: platform willing to grant [PCIeHotplug SHPCHotplug PME AER]
2025-05-21T12:34:51+00:00 liaserver2 kernel: acpi PNP0A03:00: _OSC: platform retains control of PCIe features (AE_SUPPORT)
2025-05-21T12:34:51+00:00 liaserver2 kernel: PCI host bridge to bus 0000:00
2025-05-21T12:34:51+00:00 liaserver2 kernel: pci_bus 0000:00: root bus resource [io  0x0000-0x0cf7 window]
2025-05-21T12:34:51+00:00 liaserver2 kernel: pci_bus 0000:00: root bus resource [io  0x0d00-0xffff window]
2025-05-21T12:34:51+00:00 liaserver2 kernel: pci_bus 0000:00: root bus resource [mem 0x000a0000-0x000bffff window]
2025-05-21T12:34:51+00:00 liaserver2 kernel: pci_bus 0000:00: root bus resource [mem 0x80000000-0xfdffffff window]
2025-05-21T12:34:51+00:00 liaserver2 kernel: pci_bus 0000:00: root bus resource [bus 00-ff]
2025-05-21T12:34:51+00:00 liaserver2 kernel: pci 0000:00:00.0: [8086:1237] type 00 class 0x060000 conventional PCI endpoint
2025-05-21T12:34:51+00:00 liaserver2 kernel: pci 0000:00:01.0: [8086:7000] type 00 class 0x060100 conventional PCI endpoint
2025-05-21T12:34:51+00:00 liaserver2 kernel: pci 0000:00:01.1: [8086:7111] type 00 class 0x01018a conventional PCI endpoint
2025-05-21T12:34:51+00:00 liaserver2 kernel: pci 0000:00:01.1: BAR 4 [io  0xd000-0xd00f]
2025-05-21T12:34:51+00:00 liaserver2 kernel: pci 0000:00:01.1: BAR 0 [io  0x01f0-0x01f7]: legacy IDE quirk
2025-05-21T12:34:51+00:00 liaserver2 kernel: pci 0000:00:01.1: BAR 1 [io  0x03f6]: legacy IDE quirk
2025-05-21T12:34:51+00:00 liaserver2 kernel: pci 0000:00:01.1: BAR 2 [io  0x0170-0x0177]: legacy IDE quirk
2025-05-21T12:34:51+00:00 liaserver2 kernel: pci 0000:00:01.1: BAR 3 [io  0x0376]: legacy IDE quirk
2025-05-21T12:34:51+00:00 liaserver2 kernel: pci 0000:00:02.0: [15ad:0405] type 00 class 0x030000 conventional PCI endpoint
2025-05-21T12:34:51+00:00 liaserver2 kernel: pci 0000:00:02.0: BAR 0 [io  0xd010-0xd01f]
2025-05-21T12:34:51+00:00 liaserver2 kernel: pci 0000:00:02.0: BAR 1 [mem 0xe0000000-0xe0ffffff pref]
2025-05-21T12:34:51+00:00 liaserver2 kernel: pci 0000:00:02.0: BAR 2 [mem 0xf0000000-0xf01fffff]
2025-05-21T12:34:51+00:00 liaserver2 kernel: pci 0000:00:02.0: Video device with shadowed ROM at [mem 0x000c0000-0x000dffff]
2025-05-21T12:34:51+00:00 liaserver2 kernel: pci 0000:00:03.0: [8086:100e] type 00 class 0x020000 conventional PCI endpoint
2025-05-21T12:34:51+00:00 liaserver2 kernel: pci 0000:00:03.0: BAR 0 [mem 0xf0200000-0xf021ffff]
2025-05-21T12:34:51+00:00 liaserver2 kernel: pci 0000:00:03.0: BAR 2 [io  0xd020-0xd027]
2025-05-21T12:34:51+00:00 liaserver2 kernel: pci 0000:00:04.0: [80ee:cafe] type 00 class 0x088000 conventional PCI endpoint
2025-05-21T12:34:51+00:00 liaserver2 kernel: pci 0000:00:04.0: BAR 0 [io  0xd040-0xd05f]
2025-05-21T12:34:51+00:00 liaserver2 kernel: pci 0000:00:04.0: BAR 1 [mem 0xf0400000-0xf07fffff]
2025-05-21T12:34:51+00:00 liaserver2 kernel: pci 0000:00:04.0: BAR 2 [mem 0xf0800000-0xf0803fff pref]
2025-05-21T12:34:51+00:00 liaserver2 kernel: pci 0000:00:05.0: [8086:2415] type 00 class 0x040100 conventional PCI endpoint
2025-05-21T12:34:51+00:00 liaserver2 kernel: pci 0000:00:05.0: BAR 0 [io  0xd100-0xd1ff]
2025-05-21T12:34:51+00:00 liaserver2 kernel: pci 0000:00:05.0: BAR 1 [io  0xd200-0xd23f]
2025-05-21T12:34:51+00:00 liaserver2 kernel: pci 0000:00:06.0: [106b:003f] type 00 class 0x0c0310 conventional PCI endpoint
2025-05-21T12:34:51+00:00 liaserver2 kernel: pci 0000:00:06.0: BAR 0 [mem 0xf0804000-0xf0804fff]
2025-05-21T12:34:51+00:00 liaserver2 kernel: pci 0000:00:07.0: [8086:7113] type 00 class 0x068000 conventional PCI endpoint
2025-05-21T12:34:51+00:00 liaserver2 kernel: pci 0000:00:07.0: quirk: [io  0x4000-0x403f] claimed by PIIX4 ACPI
2025-05-21T12:34:51+00:00 liaserver2 kernel: pci 0000:00:07.0: quirk: [io  0x4100-0x410f] claimed by PIIX4 SMB
2025-05-21T12:34:51+00:00 liaserver2 kernel: pci 0000:00:08.0: [8086:100e] type 00 class 0x020000 conventional PCI endpoint
2025-05-21T12:34:51+00:00 liaserver2 kernel: pci 0000:00:08.0: BAR 0 [mem 0xf0820000-0xf083ffff]
2025-05-21T12:34:51+00:00 liaserver2 kernel: pci 0000:00:08.0: BAR 2 [io  0xd240-0xd247]
2025-05-21T12:34:51+00:00 liaserver2 kernel: pci 0000:00:0b.0: [8086:265c] type 00 class 0x0c0320 conventional PCI endpoint
2025-05-21T12:34:51+00:00 liaserver2 kernel: pci 0000:00:0b.0: BAR 0 [mem 0xf0840000-0xf0840fff]
2025-05-21T12:34:51+00:00 liaserver2 kernel: pci 0000:00:0d.0: [8086:2829] type 00 class 0x010601 conventional PCI endpoint
2025-05-21T12:34:51+00:00 liaserver2 kernel: pci 0000:00:0d.0: BAR 0 [io  0xd248-0xd24f]
2025-05-21T12:34:51+00:00 liaserver2 kernel: pci 0000:00:0d.0: BAR 1 [io  0xd250-0xd253]
2025-05-21T12:34:51+00:00 liaserver2 kernel: pci 0000:00:0d.0: BAR 2 [io  0xd258-0xd25f]
2025-05-21T12:34:51+00:00 liaserver2 kernel: pci 0000:00:0d.0: BAR 3 [io  0xd260-0xd263]
2025-05-21T12:34:51+00:00 liaserver2 kernel: pci 0000:00:0d.0: BAR 4 [io  0xd270-0xd27f]
2025-05-21T12:34:51+00:00 liaserver2 kernel: pci 0000:00:0d.0: BAR 5 [mem 0xf0842000-0xf0843fff]
2025-05-21T12:34:51+00:00 liaserver2 kernel: ACPI: PCI: Interrupt link LNKA configured for IRQ 11
2025-05-21T12:34:51+00:00 liaserver2 kernel: ACPI: PCI: Interrupt link LNKB configured for IRQ 10
2025-05-21T12:34:51+00:00 liaserver2 kernel: ACPI: PCI: Interrupt link LNKC configured for IRQ 9
2025-05-21T12:34:51+00:00 liaserver2 kernel: ACPI: PCI: Interrupt link LNKD configured for IRQ 11
2025-05-21T12:34:51+00:00 liaserver2 kernel: iommu: Default domain type: Translated
2025-05-21T12:34:51+00:00 liaserver2 kernel: iommu: DMA domain TLB invalidation policy: lazy mode
2025-05-21T12:34:51+00:00 liaserver2 kernel: SCSI subsystem initialized
2025-05-21T12:34:51+00:00 liaserver2 kernel: libata version 3.00 loaded.
2025-05-21T12:34:51+00:00 liaserver2 kernel: ACPI: bus type USB registered
2025-05-21T12:34:51+00:00 liaserver2 kernel: usbcore: registered new interface driver usbfs
2025-05-21T12:34:51+00:00 liaserver2 kernel: usbcore: registered new interface driver hub
2025-05-21T12:34:51+00:00 liaserver2 kernel: usbcore: registered new device driver usb
2025-05-21T12:34:51+00:00 liaserver2 kernel: pps_core: LinuxPPS API ver. 1 registered
2025-05-21T12:34:51+00:00 liaserver2 kernel: pps_core: Software ver. 5.3.6 - Copyright 2005-2007 Rodolfo Giometti <giometti@linux.it>
2025-05-21T12:34:51+00:00 liaserver2 kernel: PTP clock support registered
2025-05-21T12:34:51+00:00 liaserver2 kernel: EDAC MC: Ver: 3.0.0
2025-05-21T12:34:51+00:00 liaserver2 kernel: NetLabel: Initializing
2025-05-21T12:34:51+00:00 liaserver2 kernel: NetLabel:  domain hash size = 128
2025-05-21T12:34:51+00:00 liaserver2 kernel: NetLabel:  protocols = UNLABELED CIPSOv4 CALIPSO
2025-05-21T12:34:51+00:00 liaserver2 kernel: NetLabel:  unlabeled traffic allowed by default
2025-05-21T12:34:51+00:00 liaserver2 kernel: mctp: management component transport protocol core
2025-05-21T12:34:51+00:00 liaserver2 kernel: NET: Registered PF_MCTP protocol family
2025-05-21T12:34:51+00:00 liaserver2 kernel: PCI: Using ACPI for IRQ routing
2025-05-21T12:34:51+00:00 liaserver2 kernel: PCI: pci_cache_line_size set to 64 bytes
2025-05-21T12:34:51+00:00 liaserver2 kernel: e820: reserve RAM buffer [mem 0x0009fc00-0x0009ffff]
2025-05-21T12:34:51+00:00 liaserver2 kernel: e820: reserve RAM buffer [mem 0x7fff0000-0x7fffffff]
2025-05-21T12:34:51+00:00 liaserver2 kernel: pci 0000:00:02.0: vgaarb: setting as boot VGA device
2025-05-21T12:34:51+00:00 liaserver2 kernel: pci 0000:00:02.0: vgaarb: bridge control possible
2025-05-21T12:34:51+00:00 liaserver2 kernel: pci 0000:00:02.0: vgaarb: VGA device added: decodes=io+mem,owns=io+mem,locks=none
2025-05-21T12:34:51+00:00 liaserver2 kernel: vgaarb: loaded
2025-05-21T12:34:51+00:00 liaserver2 kernel: clocksource: Switched to clocksource kvm-clock
2025-05-21T12:34:51+00:00 liaserver2 kernel: VFS: Disk quotas dquot_6.6.0
2025-05-21T12:34:51+00:00 liaserver2 kernel: VFS: Dquot-cache hash table entries: 512 (order 0, 4096 bytes)
2025-05-21T12:34:51+00:00 liaserver2 kernel: AppArmor: AppArmor Filesystem Enabled
2025-05-21T12:34:51+00:00 liaserver2 kernel: pnp: PnP ACPI init
2025-05-21T12:34:51+00:00 liaserver2 kernel: pnp: PnP ACPI: found 2 devices
2025-05-21T12:34:51+00:00 liaserver2 kernel: clocksource: acpi_pm: mask: 0xffffff max_cycles: 0xffffff, max_idle_ns: 2085701024 ns
2025-05-21T12:34:51+00:00 liaserver2 kernel: NET: Registered PF_INET protocol family
2025-05-21T12:34:51+00:00 liaserver2 kernel: IP idents hash table entries: 32768 (order: 6, 262144 bytes, linear)
2025-05-21T12:34:51+00:00 liaserver2 kernel: tcp_listen_portaddr_hash hash table entries: 1024 (order: 2, 16384 bytes, linear)
2025-05-21T12:34:51+00:00 liaserver2 kernel: Table-perturb hash table entries: 65536 (order: 6, 262144 bytes, linear)
2025-05-21T12:34:51+00:00 liaserver2 kernel: TCP established hash table entries: 16384 (order: 5, 131072 bytes, linear)
2025-05-21T12:34:51+00:00 liaserver2 kernel: TCP bind hash table entries: 16384 (order: 7, 524288 bytes, linear)
2025-05-21T12:34:51+00:00 liaserver2 kernel: TCP: Hash tables configured (established 16384 bind 16384)
2025-05-21T12:34:51+00:00 liaserver2 kernel: MPTCP token hash table entries: 2048 (order: 3, 49152 bytes, linear)
2025-05-21T12:34:51+00:00 liaserver2 kernel: UDP hash table entries: 1024 (order: 3, 32768 bytes, linear)
2025-05-21T12:34:51+00:00 liaserver2 kernel: UDP-Lite hash table entries: 1024 (order: 3, 32768 bytes, linear)
2025-05-21T12:34:51+00:00 liaserver2 kernel: NET: Registered PF_UNIX/PF_LOCAL protocol family
2025-05-21T12:34:51+00:00 liaserver2 kernel: NET: Registered PF_XDP protocol family
2025-05-21T12:34:51+00:00 liaserver2 kernel: pci_bus 0000:00: resource 4 [io  0x0000-0x0cf7 window]
2025-05-21T12:34:51+00:00 liaserver2 kernel: pci_bus 0000:00: resource 5 [io  0x0d00-0xffff window]
2025-05-21T12:34:51+00:00 liaserver2 kernel: pci_bus 0000:00: resource 6 [mem 0x000a0000-0x000bffff window]
2025-05-21T12:34:51+00:00 liaserver2 kernel: pci_bus 0000:00: resource 7 [mem 0x80000000-0xfdffffff window]
2025-05-21T12:34:51+00:00 liaserver2 kernel: pci 0000:00:00.0: Limiting direct PCI/PCI transfers
2025-05-21T12:34:51+00:00 liaserver2 kernel: PCI: CLS 0 bytes, default 64
2025-05-21T12:34:51+00:00 liaserver2 kernel: clocksource: tsc: mask: 0xffffffffffffffff max_cycles: 0x1e36a685b69, max_idle_ns: 440795255641 ns
2025-05-21T12:34:51+00:00 liaserver2 kernel: Trying to unpack rootfs image as initramfs...
2025-05-21T12:34:51+00:00 liaserver2 kernel: clocksource: Switched to clocksource tsc
2025-05-21T12:34:51+00:00 liaserver2 kernel: platform rtc_cmos: registered platform RTC device (no PNP device found)
2025-05-21T12:34:51+00:00 liaserver2 kernel: Initialise system trusted keyrings
2025-05-21T12:34:51+00:00 liaserver2 kernel: Key type blacklist registered
2025-05-21T12:34:51+00:00 liaserver2 kernel: workingset: timestamp_bits=36 max_order=19 bucket_order=0
2025-05-21T12:34:51+00:00 liaserver2 kernel: zbud: loaded
2025-05-21T12:34:51+00:00 liaserver2 kernel: squashfs: version 4.0 (2009/01/31) Phillip Lougher
2025-05-21T12:34:51+00:00 liaserver2 kernel: fuse: init (API version 7.39)
2025-05-21T12:34:51+00:00 liaserver2 kernel: integrity: Platform Keyring initialized
2025-05-21T12:34:51+00:00 liaserver2 kernel: integrity: Machine keyring initialized
2025-05-21T12:34:51+00:00 liaserver2 kernel: Key type asymmetric registered
2025-05-21T12:34:51+00:00 liaserver2 kernel: Asymmetric key parser 'x509' registered
2025-05-21T12:34:51+00:00 liaserver2 kernel: Block layer SCSI generic (bsg) driver version 0.4 loaded (major 243)
2025-05-21T12:34:51+00:00 liaserver2 kernel: io scheduler mq-deadline registered
2025-05-21T12:34:51+00:00 liaserver2 kernel: shpchp: Standard Hot Plug PCI Controller Driver version: 0.4
2025-05-21T12:34:51+00:00 liaserver2 kernel: ACPI: AC: AC Adapter [AC] (on-line)
2025-05-21T12:34:51+00:00 liaserver2 kernel: input: Power Button as /devices/LNXSYSTM:00/LNXPWRBN:00/input/input0
2025-05-21T12:34:51+00:00 liaserver2 kernel: ACPI: button: Power Button [PWRF]
2025-05-21T12:34:51+00:00 liaserver2 kernel: input: Sleep Button as /devices/LNXSYSTM:00/LNXSLPBN:00/input/input1
2025-05-21T12:34:51+00:00 liaserver2 kernel: ACPI: button: Sleep Button [SLPF]
2025-05-21T12:34:51+00:00 liaserver2 kernel: ACPI: battery: Slot [BAT0] (battery present)
2025-05-21T12:34:51+00:00 liaserver2 kernel: Serial: 8250/16550 driver, 32 ports, IRQ sharing enabled
2025-05-21T12:34:51+00:00 liaserver2 kernel: Linux agpgart interface v0.103
2025-05-21T12:34:51+00:00 liaserver2 kernel: loop: module loaded
2025-05-21T12:34:51+00:00 liaserver2 kernel: ata_piix 0000:00:01.1: version 2.13
2025-05-21T12:34:51+00:00 liaserver2 kernel: scsi host0: ata_piix
2025-05-21T12:34:51+00:00 liaserver2 kernel: scsi host1: ata_piix
2025-05-21T12:34:51+00:00 liaserver2 kernel: ata1: PATA max UDMA/33 cmd 0x1f0 ctl 0x3f6 bmdma 0xd000 irq 14 lpm-pol 0
2025-05-21T12:34:51+00:00 liaserver2 kernel: ata2: PATA max UDMA/33 cmd 0x170 ctl 0x376 bmdma 0xd008 irq 15 lpm-pol 0
2025-05-21T12:34:51+00:00 liaserver2 kernel: ACPI: bus type drm_connector registered
2025-05-21T12:34:51+00:00 liaserver2 kernel: tun: Universal TUN/TAP device driver, 1.6
2025-05-21T12:34:51+00:00 liaserver2 kernel: PPP generic driver version 2.4.2
2025-05-21T12:34:51+00:00 liaserver2 kernel: ohci-pci 0000:00:06.0: OHCI PCI host controller
2025-05-21T12:34:51+00:00 liaserver2 kernel: ohci-pci 0000:00:06.0: new USB bus registered, assigned bus number 1
2025-05-21T12:34:51+00:00 liaserver2 kernel: ohci-pci 0000:00:06.0: irq 22, io mem 0xf0804000
2025-05-21T12:34:51+00:00 liaserver2 kernel: usb usb1: New USB device found, idVendor=1d6b, idProduct=0001, bcdDevice= 6.08
2025-05-21T12:34:51+00:00 liaserver2 kernel: usb usb1: New USB device strings: Mfr=3, Product=2, SerialNumber=1
2025-05-21T12:34:51+00:00 liaserver2 kernel: usb usb1: Product: OHCI PCI host controller
2025-05-21T12:34:51+00:00 liaserver2 kernel: usb usb1: Manufacturer: Linux 6.8.0-53-generic ohci_hcd
2025-05-21T12:34:51+00:00 liaserver2 kernel: usb usb1: SerialNumber: 0000:00:06.0
2025-05-21T12:34:51+00:00 liaserver2 kernel: hub 1-0:1.0: USB hub found
2025-05-21T12:34:51+00:00 liaserver2 kernel: hub 1-0:1.0: 12 ports detected
2025-05-21T12:34:51+00:00 liaserver2 kernel: i8042: PNP: PS/2 Controller [PNP0303:PS2K,PNP0f03:PS2M] at 0x60,0x64 irq 1,12
2025-05-21T12:34:51+00:00 liaserver2 kernel: ehci-pci 0000:00:0b.0: EHCI Host Controller
2025-05-21T12:34:51+00:00 liaserver2 kernel: ehci-pci 0000:00:0b.0: new USB bus registered, assigned bus number 2
2025-05-21T12:34:51+00:00 liaserver2 kernel: ehci-pci 0000:00:0b.0: irq 19, io mem 0xf0840000
2025-05-21T12:34:51+00:00 liaserver2 kernel: serio: i8042 KBD port at 0x60,0x64 irq 1
2025-05-21T12:34:51+00:00 liaserver2 kernel: serio: i8042 AUX port at 0x60,0x64 irq 12
2025-05-21T12:34:51+00:00 liaserver2 kernel: mousedev: PS/2 mouse device common for all mice
2025-05-21T12:34:51+00:00 liaserver2 kernel: input: AT Translated Set 2 keyboard as /devices/platform/i8042/serio0/input/input2
2025-05-21T12:34:51+00:00 liaserver2 kernel: rtc_cmos rtc_cmos: registered as rtc0
2025-05-21T12:34:51+00:00 liaserver2 kernel: rtc_cmos rtc_cmos: setting system clock to 2025-05-21T12:34:43 UTC (1747830883)
2025-05-21T12:34:51+00:00 liaserver2 kernel: rtc_cmos rtc_cmos: alarms up to one day, 114 bytes nvram
2025-05-21T12:34:51+00:00 liaserver2 kernel: i2c_dev: i2c /dev entries driver
2025-05-21T12:34:51+00:00 liaserver2 kernel: device-mapper: core: CONFIG_IMA_DISABLE_HTABLE is disabled. Duplicate IMA measurements will not be recorded in the IMA log.
2025-05-21T12:34:51+00:00 liaserver2 kernel: device-mapper: uevent: version 1.0.3
2025-05-21T12:34:51+00:00 liaserver2 kernel: device-mapper: ioctl: 4.48.0-ioctl (2023-03-01) initialised: dm-devel@redhat.com
2025-05-21T12:34:51+00:00 liaserver2 kernel: platform eisa.0: Probing EISA bus 0
2025-05-21T12:34:51+00:00 liaserver2 kernel: platform eisa.0: EISA: Cannot allocate resource for mainboard
2025-05-21T12:34:51+00:00 liaserver2 kernel: platform eisa.0: Cannot allocate resource for EISA slot 1
2025-05-21T12:34:51+00:00 liaserver2 kernel: platform eisa.0: Cannot allocate resource for EISA slot 2
2025-05-21T12:34:51+00:00 liaserver2 kernel: platform eisa.0: Cannot allocate resource for EISA slot 3
2025-05-21T12:34:51+00:00 liaserver2 kernel: platform eisa.0: Cannot allocate resource for EISA slot 4
2025-05-21T12:34:51+00:00 liaserver2 kernel: platform eisa.0: Cannot allocate resource for EISA slot 5
2025-05-21T12:34:51+00:00 liaserver2 kernel: ehci-pci 0000:00:0b.0: USB 2.0 started, EHCI 1.00
2025-05-21T12:34:51+00:00 liaserver2 kernel: usb usb2: New USB device found, idVendor=1d6b, idProduct=0002, bcdDevice= 6.08
2025-05-21T12:34:51+00:00 liaserver2 kernel: usb usb2: New USB device strings: Mfr=3, Product=2, SerialNumber=1
2025-05-21T12:34:51+00:00 liaserver2 kernel: usb usb2: Product: EHCI Host Controller
2025-05-21T12:34:51+00:00 liaserver2 kernel: usb usb2: Manufacturer: Linux 6.8.0-53-generic ehci_hcd
2025-05-21T12:34:51+00:00 liaserver2 kernel: usb usb2: SerialNumber: 0000:00:0b.0
2025-05-21T12:34:51+00:00 liaserver2 kernel: hub 2-0:1.0: USB hub found
2025-05-21T12:34:51+00:00 liaserver2 kernel: hub 2-0:1.0: 12 ports detected
2025-05-21T12:34:51+00:00 liaserver2 kernel: platform eisa.0: Cannot allocate resource for EISA slot 6
2025-05-21T12:34:51+00:00 liaserver2 kernel: platform eisa.0: Cannot allocate resource for EISA slot 7
2025-05-21T12:34:51+00:00 liaserver2 kernel: platform eisa.0: Cannot allocate resource for EISA slot 8
2025-05-21T12:34:51+00:00 liaserver2 kernel: platform eisa.0: EISA: Detected 0 cards
2025-05-21T12:34:51+00:00 liaserver2 kernel: amd_pstate: the _CPC object is not present in SBIOS or ACPI disabled
2025-05-21T12:34:51+00:00 liaserver2 kernel: ledtrig-cpu: registered to indicate activity on CPUs
2025-05-21T12:34:51+00:00 liaserver2 kernel: drop_monitor: Initializing network drop monitor service
2025-05-21T12:34:51+00:00 liaserver2 kernel: NET: Registered PF_INET6 protocol family
2025-05-21T12:34:51+00:00 liaserver2 kernel: ata2.00: ATAPI: VBOX CD-ROM, 1.0, max UDMA/133
2025-05-21T12:34:51+00:00 liaserver2 kernel: scsi 1:0:0:0: CD-ROM            VBOX     CD-ROM           1.0  PQ: 0 ANSI: 5
2025-05-21T12:34:51+00:00 liaserver2 kernel: sr 1:0:0:0: [sr0] scsi3-mmc drive: 32x/32x xa/form2 tray
2025-05-21T12:34:51+00:00 liaserver2 kernel: cdrom: Uniform CD-ROM driver Revision: 3.20
2025-05-21T12:34:51+00:00 liaserver2 kernel: sr 1:0:0:0: Attached scsi CD-ROM sr0
2025-05-21T12:34:51+00:00 liaserver2 kernel: sr 1:0:0:0: Attached scsi generic sg0 type 5
2025-05-21T12:34:51+00:00 liaserver2 kernel: Freeing initrd memory: 65648K
2025-05-21T12:34:51+00:00 liaserver2 kernel: Segment Routing with IPv6
2025-05-21T12:34:51+00:00 liaserver2 kernel: In-situ OAM (IOAM) with IPv6
2025-05-21T12:34:51+00:00 liaserver2 kernel: NET: Registered PF_PACKET protocol family
2025-05-21T12:34:51+00:00 liaserver2 kernel: Key type dns_resolver registered
2025-05-21T12:34:51+00:00 liaserver2 kernel: IPI shorthand broadcast: enabled
2025-05-21T12:34:51+00:00 liaserver2 kernel: sched_clock: Marking stable (792392138, 30684084)->(884894663, -61818441)
2025-05-21T12:34:51+00:00 liaserver2 kernel: registered taskstats version 1
2025-05-21T12:34:51+00:00 liaserver2 kernel: Loading compiled-in X.509 certificates
2025-05-21T12:34:51+00:00 liaserver2 kernel: Loaded X.509 cert 'Build time autogenerated kernel key: b8563e8b2f2673f5ddd9f3802ddc7518c3de6b6f'
2025-05-21T12:34:51+00:00 liaserver2 kernel: Loaded X.509 cert 'Canonical Ltd. Live Patch Signing: 14df34d1a87cf37625abec039ef2bf521249b969'
2025-05-21T12:34:51+00:00 liaserver2 kernel: Loaded X.509 cert 'Canonical Ltd. Kernel Module Signing: 88f752e560a1e0737e31163a466ad7b70a850c19'
2025-05-21T12:34:51+00:00 liaserver2 kernel: blacklist: Loading compiled-in revocation X.509 certificates
2025-05-21T12:34:51+00:00 liaserver2 kernel: Loaded X.509 cert 'Canonical Ltd. Secure Boot Signing: 61482aa2830d0ab2ad5af10b7250da9033ddcef0'
2025-05-21T12:34:51+00:00 liaserver2 kernel: Loaded X.509 cert 'Canonical Ltd. Secure Boot Signing (2017): 242ade75ac4a15e50d50c84b0d45ff3eae707a03'
2025-05-21T12:34:51+00:00 liaserver2 kernel: Loaded X.509 cert 'Canonical Ltd. Secure Boot Signing (ESM 2018): 365188c1d374d6b07c3c8f240f8ef722433d6a8b'
2025-05-21T12:34:51+00:00 liaserver2 kernel: usb 1-1: new full-speed USB device number 2 using ohci-pci
2025-05-21T12:34:51+00:00 liaserver2 kernel: Loaded X.509 cert 'Canonical Ltd. Secure Boot Signing (2019): c0746fd6c5da3ae827864651ad66ae47fe24b3e8'
2025-05-21T12:34:51+00:00 liaserver2 kernel: Loaded X.509 cert 'Canonical Ltd. Secure Boot Signing (2021 v1): a8d54bbb3825cfb94fa13c9f8a594a195c107b8d'
2025-05-21T12:34:51+00:00 liaserver2 kernel: Loaded X.509 cert 'Canonical Ltd. Secure Boot Signing (2021 v2): 4cf046892d6fd3c9a5b03f98d845f90851dc6a8c'
2025-05-21T12:34:51+00:00 liaserver2 kernel: Loaded X.509 cert 'Canonical Ltd. Secure Boot Signing (2021 v3): 100437bb6de6e469b581e61cd66bce3ef4ed53af'
2025-05-21T12:34:51+00:00 liaserver2 kernel: Loaded X.509 cert 'Canonical Ltd. Secure Boot Signing (Ubuntu Core 2019): c1d57b8f6b743f23ee41f4f7ee292f06eecadfb9'
2025-05-21T12:34:51+00:00 liaserver2 kernel: Key type .fscrypt registered
2025-05-21T12:34:51+00:00 liaserver2 kernel: Key type fscrypt-provisioning registered
2025-05-21T12:34:51+00:00 liaserver2 kernel: cryptd: max_cpu_qlen set to 1000
2025-05-21T12:34:51+00:00 liaserver2 kernel: AVX2 version of gcm_enc/dec engaged.
2025-05-21T12:34:51+00:00 liaserver2 kernel: AES CTR mode by8 optimization enabled
2025-05-21T12:34:51+00:00 liaserver2 kernel: Key type encrypted registered
2025-05-21T12:34:51+00:00 liaserver2 kernel: AppArmor: AppArmor sha256 policy hashing enabled
2025-05-21T12:34:51+00:00 liaserver2 kernel: ima: No TPM chip found, activating TPM-bypass!
2025-05-21T12:34:51+00:00 liaserver2 kernel: Loading compiled-in module X.509 certificates
2025-05-21T12:34:51+00:00 liaserver2 kernel: Loaded X.509 cert 'Build time autogenerated kernel key: b8563e8b2f2673f5ddd9f3802ddc7518c3de6b6f'
2025-05-21T12:34:51+00:00 liaserver2 kernel: ima: Allocated hash algorithm: sha256
2025-05-21T12:34:51+00:00 liaserver2 kernel: ima: No architecture policies found
2025-05-21T12:34:51+00:00 liaserver2 kernel: evm: Initialising EVM extended attributes:
2025-05-21T12:34:51+00:00 liaserver2 kernel: evm: security.selinux
2025-05-21T12:34:51+00:00 liaserver2 kernel: evm: security.SMACK64
2025-05-21T12:34:51+00:00 liaserver2 kernel: evm: security.SMACK64EXEC
2025-05-21T12:34:51+00:00 liaserver2 kernel: evm: security.SMACK64TRANSMUTE
2025-05-21T12:34:51+00:00 liaserver2 kernel: evm: security.SMACK64MMAP
2025-05-21T12:34:51+00:00 liaserver2 kernel: evm: security.apparmor
2025-05-21T12:34:51+00:00 liaserver2 kernel: evm: security.ima
2025-05-21T12:34:51+00:00 liaserver2 kernel: evm: security.capability
2025-05-21T12:34:51+00:00 liaserver2 kernel: evm: HMAC attrs: 0x1
2025-05-21T12:34:51+00:00 liaserver2 kernel: PM:   Magic number: 9:872:582
2025-05-21T12:34:51+00:00 liaserver2 kernel: ohci-pci 0000:00:06.0: hash matches
2025-05-21T12:34:51+00:00 liaserver2 kernel: RAS: Correctable Errors collector initialized.
2025-05-21T12:34:51+00:00 liaserver2 kernel: clk: Disabling unused clocks
2025-05-21T12:34:51+00:00 liaserver2 kernel: Freeing unused decrypted memory: 2028K
2025-05-21T12:34:51+00:00 liaserver2 kernel: Freeing unused kernel image (initmem) memory: 4988K
2025-05-21T12:34:51+00:00 liaserver2 kernel: Write protecting the kernel read-only data: 38912k
2025-05-21T12:34:51+00:00 liaserver2 kernel: Freeing unused kernel image (rodata/data gap) memory: 2040K
2025-05-21T12:34:51+00:00 liaserver2 kernel: x86/mm: Checked W+X mappings: passed, no W+X pages found.
2025-05-21T12:34:51+00:00 liaserver2 kernel: Run /init as init process
2025-05-21T12:34:51+00:00 liaserver2 kernel:   with arguments:
2025-05-21T12:34:51+00:00 liaserver2 kernel:     /init
2025-05-21T12:34:51+00:00 liaserver2 kernel:   with environment:
2025-05-21T12:34:51+00:00 liaserver2 kernel:     HOME=/
2025-05-21T12:34:51+00:00 liaserver2 kernel:     TERM=linux
2025-05-21T12:34:51+00:00 liaserver2 kernel:     BOOT_IMAGE=/vmlinuz-6.8.0-53-generic
2025-05-21T12:34:51+00:00 liaserver2 kernel: usb 1-1: New USB device found, idVendor=80ee, idProduct=0021, bcdDevice= 1.00
2025-05-21T12:34:51+00:00 liaserver2 kernel: usb 1-1: New USB device strings: Mfr=1, Product=3, SerialNumber=0
2025-05-21T12:34:51+00:00 liaserver2 kernel: usb 1-1: Product: USB Tablet
2025-05-21T12:34:51+00:00 liaserver2 kernel: usb 1-1: Manufacturer: VirtualBox
2025-05-21T12:34:51+00:00 liaserver2 kernel: hid: raw HID events driver (C) Jiri Kosina
2025-05-21T12:34:51+00:00 liaserver2 kernel: usbcore: registered new interface driver usbhid
2025-05-21T12:34:51+00:00 liaserver2 kernel: usbhid: USB HID core driver
2025-05-21T12:34:51+00:00 liaserver2 kernel: input: VirtualBox USB Tablet as /devices/pci0000:00/0000:00:06.0/usb1/1-1/1-1:1.0/0003:80EE:0021.0001/input/input4
2025-05-21T12:34:51+00:00 liaserver2 kernel: hid-generic 0003:80EE:0021.0001: input,hidraw0: USB HID v1.10 Mouse [VirtualBox USB Tablet] on usb-0000:00:06.0-1/input0
2025-05-21T12:34:51+00:00 liaserver2 kernel: ACPI: video: Video Device [GFX0] (multi-head: yes  rom: no  post: no)
2025-05-21T12:34:51+00:00 liaserver2 kernel: input: Video Bus as /devices/LNXSYSTM:00/LNXSYBUS:00/PNP0A03:00/LNXVIDEO:00/input/input5
2025-05-21T12:34:51+00:00 liaserver2 kernel: e1000: Intel(R) PRO/1000 Network Driver
2025-05-21T12:34:51+00:00 liaserver2 kernel: e1000: Copyright (c) 1999-2006 Intel Corporation.
2025-05-21T12:34:51+00:00 liaserver2 kernel: ahci 0000:00:0d.0: version 3.0
2025-05-21T12:34:51+00:00 liaserver2 kernel: ahci 0000:00:0d.0: SSS flag set, parallel bus scan disabled
2025-05-21T12:34:51+00:00 liaserver2 kernel: ahci 0000:00:0d.0: AHCI 0001.0100 32 slots 1 ports 3 Gbps 0x1 impl SATA mode
2025-05-21T12:34:51+00:00 liaserver2 kernel: ahci 0000:00:0d.0: flags: 64bit ncq stag only ccc 
2025-05-21T12:34:51+00:00 liaserver2 kernel: scsi host2: ahci
2025-05-21T12:34:51+00:00 liaserver2 kernel: ata3: SATA max UDMA/133 abar m8192@0xf0842000 port 0xf0842100 irq 21 lpm-pol 0
2025-05-21T12:34:51+00:00 liaserver2 kernel: input: ImExPS/2 Generic Explorer Mouse as /devices/platform/i8042/serio1/input/input6
2025-05-21T12:34:51+00:00 liaserver2 kernel: ata3: SATA link up 3.0 Gbps (SStatus 123 SControl 300)
2025-05-21T12:34:51+00:00 liaserver2 kernel: ata3.00: ATA-6: VBOX HARDDISK, 1.0, max UDMA/133
2025-05-21T12:34:51+00:00 liaserver2 kernel: ata3.00: 52428800 sectors, multi 128: LBA48 NCQ (depth 32)
2025-05-21T12:34:51+00:00 liaserver2 kernel: ata3.00: configured for UDMA/133
2025-05-21T12:34:51+00:00 liaserver2 kernel: scsi 2:0:0:0: Direct-Access     ATA      VBOX HARDDISK    1.0  PQ: 0 ANSI: 5
2025-05-21T12:34:51+00:00 liaserver2 kernel: sd 2:0:0:0: [sda] 52428800 512-byte logical blocks: (26.8 GB/25.0 GiB)
2025-05-21T12:34:51+00:00 liaserver2 kernel: sd 2:0:0:0: Attached scsi generic sg1 type 0
2025-05-21T12:34:51+00:00 liaserver2 kernel: sd 2:0:0:0: [sda] Write Protect is off
2025-05-21T12:34:51+00:00 liaserver2 kernel: sd 2:0:0:0: [sda] Mode Sense: 00 3a 00 00
2025-05-21T12:34:51+00:00 liaserver2 kernel: sd 2:0:0:0: [sda] Write cache: enabled, read cache: enabled, doesn't support DPO or FUA
2025-05-21T12:34:51+00:00 liaserver2 kernel: sd 2:0:0:0: [sda] Preferred minimum I/O size 512 bytes
2025-05-21T12:34:51+00:00 liaserver2 kernel:  sda: sda1 sda2 sda3
2025-05-21T12:34:51+00:00 liaserver2 kernel: sd 2:0:0:0: [sda] Attached SCSI disk
2025-05-21T12:34:51+00:00 liaserver2 kernel: e1000 0000:00:03.0 eth0: (PCI:33MHz:32-bit) 08:00:27:eb:0f:0d
2025-05-21T12:34:51+00:00 liaserver2 kernel: e1000 0000:00:03.0 eth0: Intel(R) PRO/1000 Network Connection
2025-05-21T12:34:51+00:00 liaserver2 kernel: e1000 0000:00:08.0 eth1: (PCI:33MHz:32-bit) 08:00:27:29:17:78
2025-05-21T12:34:51+00:00 liaserver2 kernel: e1000 0000:00:08.0 eth1: Intel(R) PRO/1000 Network Connection
2025-05-21T12:34:51+00:00 liaserver2 kernel: e1000 0000:00:03.0 enp0s3: renamed from eth0
2025-05-21T12:34:51+00:00 liaserver2 kernel: e1000 0000:00:08.0 enp0s8: renamed from eth1
2025-05-21T12:34:51+00:00 liaserver2 kernel: raid6: avx2x4   gen() 34812 MB/s
2025-05-21T12:34:51+00:00 liaserver2 kernel: raid6: avx2x2   gen() 37570 MB/s
2025-05-21T12:34:51+00:00 liaserver2 kernel: raid6: avx2x1   gen() 24867 MB/s
2025-05-21T12:34:51+00:00 liaserver2 kernel: raid6: using algorithm avx2x2 gen() 37570 MB/s
2025-05-21T12:34:51+00:00 liaserver2 kernel: raid6: .... xor() 21518 MB/s, rmw enabled
2025-05-21T12:34:51+00:00 liaserver2 kernel: raid6: using avx2x2 recovery algorithm
2025-05-21T12:34:51+00:00 liaserver2 kernel: xor: automatically using best checksumming function   avx       
2025-05-21T12:34:51+00:00 liaserver2 kernel: async_tx: api initialized (async)
2025-05-21T12:34:51+00:00 liaserver2 kernel: Btrfs loaded, zoned=yes, fsverity=yes
2025-05-21T12:34:51+00:00 liaserver2 kernel: EXT4-fs (dm-0): mounted filesystem d6700457-71b4-4550-9a69-4784d0cc6f4a ro with ordered data mode. Quota mode: none.
2025-05-21T12:34:51+00:00 liaserver2 kernel: systemd[1]: Inserted module 'autofs4'
2025-05-21T12:34:51+00:00 liaserver2 kernel: systemd[1]: systemd 255.4-1ubuntu8.5 running in system mode (+PAM +AUDIT +SELINUX +APPARMOR +IMA +SMACK +SECCOMP +GCRYPT -GNUTLS +OPENSSL +ACL +BLKID +CURL +ELFUTILS +FIDO2 +IDN2 -IDN +IPTC +KMOD +LIBCRYPTSETUP +LIBFDISK +PCRE2 -PWQUALITY +P11KIT +QRENCODE +TPM2 +BZIP2 +LZ4 +XZ +ZLIB +ZSTD -BPF_FRAMEWORK -XKBCOMMON +UTMP +SYSVINIT default-hierarchy=unified)
2025-05-21T12:34:51+00:00 liaserver2 kernel: systemd[1]: Detected virtualization oracle.
2025-05-21T12:34:51+00:00 liaserver2 kernel: systemd[1]: Detected architecture x86-64.
2025-05-21T12:34:51+00:00 liaserver2 kernel: systemd[1]: Invalid DMI field header.
2025-05-21T12:34:51+00:00 liaserver2 kernel: systemd[1]: Hostname set to <liaserver2>.
2025-05-21T12:34:51+00:00 liaserver2 kernel: systemd[1]: Queued start job for default target graphical.target.
2025-05-21T12:34:51+00:00 liaserver2 kernel: systemd[1]: Created slice system-modprobe.slice - Slice /system/modprobe.
2025-05-21T12:34:51+00:00 liaserver2 kernel: systemd[1]: Created slice system-systemd\x2dfsck.slice - Slice /system/systemd-fsck.
2025-05-21T12:34:51+00:00 liaserver2 kernel: systemd[1]: Created slice user.slice - User and Session Slice.
2025-05-21T12:34:51+00:00 liaserver2 kernel: systemd[1]: Started systemd-ask-password-wall.path - Forward Password Requests to Wall Directory Watch.
2025-05-21T12:34:51+00:00 liaserver2 kernel: systemd[1]: Set up automount proc-sys-fs-binfmt_misc.automount - Arbitrary Executable File Formats File System Automount Point.
2025-05-21T12:34:51+00:00 liaserver2 kernel: systemd[1]: Expecting device dev-disk-by\x2duuid-82e496f7\x2dadd9\x2d4de5\x2d8a40\x2da64c584030b6.device - /dev/disk/by-uuid/82e496f7-add9-4de5-8a40-a64c584030b6...
2025-05-21T12:34:51+00:00 liaserver2 kernel: systemd[1]: Reached target integritysetup.target - Local Integrity Protected Volumes.
2025-05-21T12:34:51+00:00 liaserver2 kernel: systemd[1]: Reached target slices.target - Slice Units.
2025-05-21T12:34:51+00:00 liaserver2 kernel: systemd[1]: Reached target snapd.mounts-pre.target - Mounting snaps.
2025-05-21T12:34:51+00:00 liaserver2 kernel: systemd[1]: Reached target snapd.mounts.target - Mounted snaps.
2025-05-21T12:34:51+00:00 liaserver2 kernel: systemd[1]: Reached target veritysetup.target - Local Verity Protected Volumes.
2025-05-21T12:34:51+00:00 liaserver2 kernel: systemd[1]: Listening on dm-event.socket - Device-mapper event daemon FIFOs.
2025-05-21T12:34:51+00:00 liaserver2 kernel: systemd[1]: Listening on lvm2-lvmpolld.socket - LVM2 poll daemon socket.
2025-05-21T12:34:51+00:00 liaserver2 kernel: systemd[1]: Listening on multipathd.socket - multipathd control socket.
2025-05-21T12:34:51+00:00 liaserver2 kernel: systemd[1]: Listening on syslog.socket - Syslog Socket.
2025-05-21T12:34:51+00:00 liaserver2 kernel: systemd[1]: Listening on systemd-fsckd.socket - fsck to fsckd communication Socket.
2025-05-21T12:34:51+00:00 liaserver2 kernel: systemd[1]: Listening on systemd-initctl.socket - initctl Compatibility Named Pipe.
2025-05-21T12:34:51+00:00 liaserver2 kernel: systemd[1]: Listening on systemd-journald-dev-log.socket - Journal Socket (/dev/log).
2025-05-21T12:34:51+00:00 liaserver2 kernel: systemd[1]: Listening on systemd-journald.socket - Journal Socket.
2025-05-21T12:34:51+00:00 liaserver2 kernel: systemd[1]: Listening on systemd-networkd.socket - Network Service Netlink Socket.
2025-05-21T12:34:51+00:00 liaserver2 kernel: systemd[1]: systemd-pcrextend.socket - TPM2 PCR Extension (Varlink) was skipped because of an unmet condition check (ConditionSecurity=measured-uki).
2025-05-21T12:34:51+00:00 liaserver2 kernel: systemd[1]: Listening on systemd-udevd-control.socket - udev Control Socket.
2025-05-21T12:34:51+00:00 liaserver2 kernel: systemd[1]: Listening on systemd-udevd-kernel.socket - udev Kernel Socket.
2025-05-21T12:34:51+00:00 liaserver2 kernel: systemd[1]: Mounting dev-hugepages.mount - Huge Pages File System...
2025-05-21T12:34:51+00:00 liaserver2 kernel: systemd[1]: Mounting dev-mqueue.mount - POSIX Message Queue File System...
2025-05-21T12:34:51+00:00 liaserver2 kernel: systemd[1]: Mounting sys-kernel-debug.mount - Kernel Debug File System...
2025-05-21T12:34:51+00:00 liaserver2 kernel: systemd[1]: Mounting sys-kernel-tracing.mount - Kernel Trace File System...
2025-05-21T12:34:51+00:00 liaserver2 kernel: systemd[1]: Starting systemd-journald.service - Journal Service...
2025-05-21T12:34:51+00:00 liaserver2 kernel: systemd[1]: Starting keyboard-setup.service - Set the console keyboard layout...
2025-05-21T12:34:51+00:00 liaserver2 kernel: systemd[1]: Starting kmod-static-nodes.service - Create List of Static Device Nodes...
2025-05-21T12:34:51+00:00 liaserver2 kernel: systemd[1]: Starting lvm2-monitor.service - Monitoring of LVM2 mirrors, snapshots etc. using dmeventd or progress polling...
2025-05-21T12:34:51+00:00 liaserver2 kernel: systemd[1]: Starting modprobe@configfs.service - Load Kernel Module configfs...
2025-05-21T12:34:51+00:00 liaserver2 kernel: systemd[1]: Starting modprobe@dm_mod.service - Load Kernel Module dm_mod...
2025-05-21T12:34:51+00:00 liaserver2 kernel: systemd-journald[304]: Collecting audit messages is disabled.
2025-05-21T12:34:51+00:00 liaserver2 kernel: systemd[1]: Starting modprobe@drm.service - Load Kernel Module drm...
2025-05-21T12:34:51+00:00 liaserver2 kernel: systemd[1]: Starting modprobe@efi_pstore.service - Load Kernel Module efi_pstore...
2025-05-21T12:34:51+00:00 liaserver2 kernel: systemd[1]: Starting modprobe@fuse.service - Load Kernel Module fuse...
2025-05-21T12:34:51+00:00 liaserver2 kernel: systemd[1]: Starting modprobe@loop.service - Load Kernel Module loop...
2025-05-21T12:34:51+00:00 liaserver2 kernel: systemd[1]: netplan-ovs-cleanup.service - OpenVSwitch configuration for cleanup was skipped because of an unmet condition check (ConditionFileIsExecutable=/usr/bin/ovs-vsctl).
2025-05-21T12:34:51+00:00 liaserver2 kernel: systemd[1]: systemd-fsck-root.service - File System Check on Root Device was skipped because of an unmet condition check (ConditionPathExists=!/run/initramfs/fsck-root).
2025-05-21T12:34:51+00:00 liaserver2 kernel: systemd[1]: Starting systemd-modules-load.service - Load Kernel Modules...
2025-05-21T12:34:51+00:00 liaserver2 kernel: systemd[1]: systemd-pcrmachine.service - TPM2 PCR Machine ID Measurement was skipped because of an unmet condition check (ConditionSecurity=measured-uki).
2025-05-21T12:34:51+00:00 liaserver2 kernel: systemd[1]: Starting systemd-remount-fs.service - Remount Root and Kernel File Systems...
2025-05-21T12:34:51+00:00 liaserver2 kernel: systemd[1]: systemd-tpm2-setup-early.service - TPM2 SRK Setup (Early) was skipped because of an unmet condition check (ConditionSecurity=measured-uki).
2025-05-21T12:34:51+00:00 liaserver2 kernel: systemd[1]: Starting systemd-udev-trigger.service - Coldplug All udev Devices...
2025-05-21T12:34:51+00:00 liaserver2 kernel: systemd[1]: Started systemd-journald.service - Journal Service.
2025-05-21T12:34:51+00:00 liaserver2 kernel: EXT4-fs (dm-0): re-mounted d6700457-71b4-4550-9a69-4784d0cc6f4a r/w. Quota mode: none.
2025-05-21T12:34:51+00:00 liaserver2 kernel: Adding 2097148k swap on /swap.img.  Priority:-2 extents:2 across:2236412k 
2025-05-21T12:34:51+00:00 liaserver2 kernel: systemd-journald[304]: Received client request to flush runtime journal.
2025-05-21T12:34:51+00:00 liaserver2 kernel: systemd-journald[304]: File /var/log/journal/a8dfb34502fc416cac44c08cb65ded82/system.journal corrupted or uncleanly shut down, renaming and replacing.
2025-05-21T12:34:51+00:00 liaserver2 kernel: vboxguest: host-version: 7.1.4r165100 0x8000000f
2025-05-21T12:34:51+00:00 liaserver2 kernel: vbg_heartbeat_init: Setting up heartbeat to trigger every 2000 milliseconds
2025-05-21T12:34:51+00:00 liaserver2 kernel: input: VirtualBox mouse integration as /devices/pci0000:00/0000:00:04.0/input/input7
2025-05-21T12:34:51+00:00 liaserver2 kernel: piix4_smbus 0000:00:07.0: SMBus Host Controller at 0x4100, revision 0
2025-05-21T12:34:51+00:00 liaserver2 kernel: vmwgfx 0000:00:02.0: vgaarb: deactivate vga console
2025-05-21T12:34:51+00:00 liaserver2 kernel: Console: switching to colour dummy device 80x25
2025-05-21T12:34:51+00:00 liaserver2 kernel: EXT4-fs (sda2): mounted filesystem 82e496f7-add9-4de5-8a40-a64c584030b6 r/w with ordered data mode. Quota mode: none.
2025-05-21T12:34:51+00:00 liaserver2 kernel: vmwgfx 0000:00:02.0: [drm] FIFO at 0x00000000f0000000 size is 2048 kiB
2025-05-21T12:34:51+00:00 liaserver2 kernel: vmwgfx 0000:00:02.0: [drm] VRAM at 0x00000000e0000000 size is 16384 kiB
2025-05-21T12:34:51+00:00 liaserver2 kernel: vmwgfx 0000:00:02.0: [drm] Running on SVGA version 2.
2025-05-21T12:34:51+00:00 liaserver2 kernel: vmwgfx 0000:00:02.0: [drm] Capabilities: rect copy, cursor, cursor bypass, cursor bypass 2, alpha cursor, extended fifo, pitchlock, irq mask, gmr, traces, gmr2, screen object 2, command buffers, 
2025-05-21T12:34:51+00:00 liaserver2 kernel: vmwgfx 0000:00:02.0: [drm] *ERROR* vmwgfx seems to be running on an unsupported hypervisor.
2025-05-21T12:34:51+00:00 liaserver2 kernel: vmwgfx 0000:00:02.0: [drm] *ERROR* This configuration is likely broken.
2025-05-21T12:34:51+00:00 liaserver2 kernel: vmwgfx 0000:00:02.0: [drm] *ERROR* Please switch to a supported graphics device to avoid problems.
2025-05-21T12:34:51+00:00 liaserver2 kernel: vmwgfx 0000:00:02.0: [drm] DMA map mode: Caching DMA mappings.
2025-05-21T12:34:51+00:00 liaserver2 kernel: vmwgfx 0000:00:02.0: [drm] Legacy memory limits: VRAM = 16384 kB, FIFO = 2048 kB, surface = 507904 kB
2025-05-21T12:34:51+00:00 liaserver2 kernel: vmwgfx 0000:00:02.0: [drm] MOB limits: max mob size = 0 kB, max mob pages = 0
2025-05-21T12:34:51+00:00 liaserver2 kernel: vmwgfx 0000:00:02.0: [drm] Max GMR ids is 8192
2025-05-21T12:34:51+00:00 liaserver2 kernel: vmwgfx 0000:00:02.0: [drm] Max number of GMR pages is 1048576
2025-05-21T12:34:51+00:00 liaserver2 kernel: vmwgfx 0000:00:02.0: [drm] Maximum display memory size is 16384 kiB
2025-05-21T12:34:51+00:00 liaserver2 kernel: vmwgfx 0000:00:02.0: [drm] Screen Object display unit initialized
2025-05-21T12:34:51+00:00 liaserver2 kernel: vmwgfx 0000:00:02.0: [drm] Fifo max 0x00200000 min 0x00001000 cap 0x00000355
2025-05-21T12:34:51+00:00 liaserver2 kernel: vmwgfx 0000:00:02.0: [drm] Using command buffers with DMA pool.
2025-05-21T12:34:51+00:00 liaserver2 kernel: vmwgfx 0000:00:02.0: [drm] Available shader model: Legacy.
2025-05-21T12:34:51+00:00 liaserver2 kernel: intel_rapl_common: Found RAPL domain package
2025-05-21T12:34:51+00:00 liaserver2 kernel: intel_rapl_common: Found RAPL domain core
2025-05-21T12:34:51+00:00 liaserver2 kernel: audit: type=1400 audit(1747830888.622:2): apparmor="STATUS" operation="profile_load" profile="unconfined" name="Discord" pid=490 comm="apparmor_parser"
2025-05-21T12:34:51+00:00 liaserver2 kernel: audit: type=1400 audit(1747830888.622:3): apparmor="STATUS" operation="profile_load" profile="unconfined" name="1password" pid=489 comm="apparmor_parser"
2025-05-21T12:34:51+00:00 liaserver2 kernel: audit: type=1400 audit(1747830888.635:4): apparmor="STATUS" operation="profile_load" profile="unconfined" name=4D6F6E676F444220436F6D70617373 pid=495 comm="apparmor_parser"
2025-05-21T12:34:51+00:00 liaserver2 kernel: audit: type=1400 audit(1747830888.637:5): apparmor="STATUS" operation="profile_load" profile="unconfined" name="QtWebEngineProcess" pid=496 comm="apparmor_parser"
2025-05-21T12:34:51+00:00 liaserver2 kernel: audit: type=1400 audit(1747830888.640:6): apparmor="STATUS" operation="profile_load" profile="unconfined" name="balena-etcher" pid=497 comm="apparmor_parser"
2025-05-21T12:34:51+00:00 liaserver2 kernel: audit: type=1400 audit(1747830888.644:7): apparmor="STATUS" operation="profile_load" profile="unconfined" name="brave" pid=499 comm="apparmor_parser"
2025-05-21T12:34:51+00:00 liaserver2 kernel: [drm] Initialized vmwgfx 2.20.0 20211206 for 0000:00:02.0 on minor 0
2025-05-21T12:34:51+00:00 liaserver2 kernel: audit: type=1400 audit(1747830888.666:8): apparmor="STATUS" operation="profile_load" profile="unconfined" name="buildah" pid=500 comm="apparmor_parser"
2025-05-21T12:34:51+00:00 liaserver2 kernel: fbcon: vmwgfxdrmfb (fb0) is primary device
2025-05-21T12:34:51+00:00 liaserver2 kernel: audit: type=1400 audit(1747830888.669:9): apparmor="STATUS" operation="profile_load" profile="unconfined" name="busybox" pid=501 comm="apparmor_parser"
2025-05-21T12:34:51+00:00 liaserver2 kernel: Console: switching to colour frame buffer device 160x50
2025-05-21T12:34:51+00:00 liaserver2 kernel: audit: type=1400 audit(1747830888.675:10): apparmor="STATUS" operation="profile_load" profile="unconfined" name="ch-checkns" pid=507 comm="apparmor_parser"
2025-05-21T12:34:51+00:00 liaserver2 kernel: audit: type=1400 audit(1747830888.679:11): apparmor="STATUS" operation="profile_load" profile="unconfined" name="cam" pid=506 comm="apparmor_parser"
2025-05-21T12:34:51+00:00 liaserver2 kernel: vmwgfx 0000:00:02.0: [drm] fb0: vmwgfxdrmfb frame buffer device
2025-05-21T12:34:51+00:00 liaserver2 kernel: snd_intel8x0 0000:00:05.0: allow list rate for 1028:0177 is 48000
2025-05-21T12:34:51+00:00 liaserver2 kernel: cfg80211: Loading compiled-in X.509 certificates for regulatory database
2025-05-21T12:34:51+00:00 liaserver2 kernel: Loaded X.509 cert 'sforshee: 00b28ddf47aef9cea7'
2025-05-21T12:34:51+00:00 liaserver2 kernel: Loaded X.509 cert 'wens: 61c038651aabdcf94bd0ac7ff06c7248db18c600'
2025-05-21T12:34:51+00:00 liaserver2 kernel: e1000: enp0s3 NIC Link is Up 1000 Mbps Full Duplex, Flow Control: RX
2025-05-21T12:34:51+00:00 liaserver2 kernel: e1000: enp0s8 NIC Link is Up 1000 Mbps Full Duplex, Flow Control: RX
2025-05-21T12:34:51+00:00 liaserver2 kernel: workqueue: drm_fb_helper_damage_work hogged CPU for >10000us 4 times, consider switching to WQ_UNBOUND
2025-05-21T12:34:51+00:00 liaserver2 kernel: loop0: detected capacity change from 0 to 8
2025-05-21T12:34:51+00:00 liaserver2 kernel: NET: Registered PF_QIPCRTR protocol family
2025-05-21T12:35:00+00:00 liaserver2 kernel: clocksource: Long readout interval, skipping watchdog check: cs_nsec: 1296852350 wd_nsec: 1296851373
2025-05-21T12:35:18+00:00 liaserver2 kernel: clocksource: Long readout interval, skipping watchdog check: cs_nsec: 3025382657 wd_nsec: 3025380218
2025-05-21T12:35:22+00:00 liaserver2 kernel: systemd-journald[304]: File /var/log/journal/a8dfb34502fc416cac44c08cb65ded82/user-1000.journal corrupted or uncleanly shut down, renaming and replacing.
2025-05-21T12:35:41+00:00 liaserver2 kernel: clocksource: Long readout interval, skipping watchdog check: cs_nsec: 6411566332 wd_nsec: 6411561012
2025-05-21T12:37:00+00:00 liaserver2 kernel: e1000: enp0s3 NIC Link is Down
2025-05-21T12:39:03+00:00 liaserver2 kernel: clocksource: Long readout interval, skipping watchdog check: cs_nsec: 13511530458 wd_nsec: 13511519258
2025-05-21T12:46:00+00:00 liaserver2 kernel: clocksource: Long readout interval, skipping watchdog check: cs_nsec: 27868261183 wd_nsec: 27868237841
2025-05-21T12:46:57+00:00 liaserver2 kernel: kauditd_printk_skb: 112 callbacks suppressed
2025-05-21T12:46:57+00:00 liaserver2 kernel: audit: type=1400 audit(1747831617.612:124): apparmor="DENIED" operation="mknod" class="file" profile="ubuntu_pro_apt_news" name="/usr/lib/python3/dist-packages/uaclient/__pycache__/__init__.cpython-312.pyc.124854367074096" pid=1190 comm="python3" requested_mask="c" denied_mask="c" fsuid=0 ouid=0
2025-05-21T12:46:57+00:00 liaserver2 kernel: audit: type=1400 audit(1747831617.623:125): apparmor="DENIED" operation="mknod" class="file" profile="ubuntu_pro_apt_news" name="/usr/lib/python3/dist-packages/uaclient/__pycache__/apt.cpython-312.pyc.124854367247744" pid=1190 comm="python3" requested_mask="c" denied_mask="c" fsuid=0 ouid=0
2025-05-21T12:46:57+00:00 liaserver2 kernel: audit: type=1400 audit(1747831617.627:126): apparmor="DENIED" operation="mknod" class="file" profile="ubuntu_pro_esm_cache" name="/usr/lib/python3/dist-packages/uaclient/__pycache__/__init__.cpython-312.pyc.124768905203120" pid=1191 comm="python3" requested_mask="c" denied_mask="c" fsuid=0 ouid=0
2025-05-21T12:46:57+00:00 liaserver2 kernel: audit: type=1400 audit(1747831617.629:127): apparmor="DENIED" operation="mknod" class="file" profile="ubuntu_pro_esm_cache" name="/usr/lib/python3/dist-packages/uaclient/__pycache__/log.cpython-312.pyc.124768906754320" pid=1191 comm="python3" requested_mask="c" denied_mask="c" fsuid=0 ouid=0
2025-05-21T12:46:57+00:00 liaserver2 kernel: audit: type=1400 audit(1747831617.641:128): apparmor="DENIED" operation="mknod" class="file" profile="ubuntu_pro_esm_cache" name="/usr/lib/python3/dist-packages/uaclient/__pycache__/defaults.cpython-312.pyc.124768904075056" pid=1191 comm="python3" requested_mask="c" denied_mask="c" fsuid=0 ouid=0
2025-05-21T12:46:57+00:00 liaserver2 kernel: audit: type=1400 audit(1747831617.644:129): apparmor="DENIED" operation="mknod" class="file" profile="ubuntu_pro_esm_cache" name="/usr/lib/python3/dist-packages/uaclient/__pycache__/secret_manager.cpython-312.pyc.124768904075056" pid=1191 comm="python3" requested_mask="c" denied_mask="c" fsuid=0 ouid=0
2025-05-21T12:46:57+00:00 liaserver2 kernel: audit: type=1400 audit(1747831617.652:130): apparmor="DENIED" operation="mknod" class="file" profile="ubuntu_pro_esm_cache" name="/usr/lib/python3/dist-packages/uaclient/__pycache__/system.cpython-312.pyc.124768904076848" pid=1191 comm="python3" requested_mask="c" denied_mask="c" fsuid=0 ouid=0
2025-05-21T12:46:57+00:00 liaserver2 kernel: audit: type=1400 audit(1747831617.667:131): apparmor="DENIED" operation="mknod" class="file" profile="ubuntu_pro_esm_cache" name="/usr/lib/python3/dist-packages/uaclient/__pycache__/exceptions.cpython-312.pyc.124768904572208" pid=1191 comm="python3" requested_mask="c" denied_mask="c" fsuid=0 ouid=0
2025-05-21T12:46:57+00:00 liaserver2 kernel: audit: type=1400 audit(1747831617.683:132): apparmor="DENIED" operation="mknod" class="file" profile="ubuntu_pro_esm_cache" name="/usr/lib/python3/dist-packages/uaclient/messages/__pycache__/__init__.cpython-312.pyc.124768903314736" pid=1191 comm="python3" requested_mask="c" denied_mask="c" fsuid=0 ouid=0
2025-05-21T12:46:57+00:00 liaserver2 kernel: audit: type=1400 audit(1747831617.688:133): apparmor="DENIED" operation="mknod" class="file" profile="ubuntu_pro_esm_cache" name="/usr/lib/python3/dist-packages/uaclient/messages/__pycache__/urls.cpython-312.pyc.124768903314736" pid=1191 comm="python3" requested_mask="c" denied_mask="c" fsuid=0 ouid=0
2025-05-21T12:48:53+00:00 liaserver2 kernel: e1000: enp0s3 NIC Link is Up 1000 Mbps Full Duplex, Flow Control: RX
2025-05-21T12:51:04+00:00 liaserver2 kernel: kauditd_printk_skb: 89 callbacks suppressed
2025-05-21T12:51:04+00:00 liaserver2 kernel: audit: type=1400 audit(1747831864.255:223): apparmor="DENIED" operation="mknod" class="file" profile="ubuntu_pro_apt_news" name="/usr/lib/python3/dist-packages/uaclient/__pycache__/__init__.cpython-312.pyc.129184799323952" pid=1255 comm="python3" requested_mask="c" denied_mask="c" fsuid=0 ouid=0
2025-05-21T12:51:04+00:00 liaserver2 kernel: audit: type=1400 audit(1747831864.261:224): apparmor="DENIED" operation="mknod" class="file" profile="ubuntu_pro_esm_cache" name="/usr/lib/python3/dist-packages/uaclient/__pycache__/__init__.cpython-312.pyc.137939583897008" pid=1258 comm="python3" requested_mask="c" denied_mask="c" fsuid=0 ouid=0
2025-05-21T12:51:04+00:00 liaserver2 kernel: audit: type=1400 audit(1747831864.261:225): apparmor="DENIED" operation="mknod" class="file" profile="ubuntu_pro_apt_news" name="/usr/lib/python3/dist-packages/uaclient/__pycache__/apt.cpython-312.pyc.129184799497600" pid=1255 comm="python3" requested_mask="c" denied_mask="c" fsuid=0 ouid=0
2025-05-21T12:51:04+00:00 liaserver2 kernel: audit: type=1400 audit(1747831864.263:226): apparmor="DENIED" operation="mknod" class="file" profile="ubuntu_pro_esm_cache" name="/usr/lib/python3/dist-packages/uaclient/__pycache__/log.cpython-312.pyc.137939585448208" pid=1258 comm="python3" requested_mask="c" denied_mask="c" fsuid=0 ouid=0
2025-05-21T12:51:04+00:00 liaserver2 kernel: audit: type=1400 audit(1747831864.279:227): apparmor="DENIED" operation="mknod" class="file" profile="ubuntu_pro_esm_cache" name="/usr/lib/python3/dist-packages/uaclient/__pycache__/defaults.cpython-312.pyc.137939582768944" pid=1258 comm="python3" requested_mask="c" denied_mask="c" fsuid=0 ouid=0
2025-05-21T12:51:04+00:00 liaserver2 kernel: audit: type=1400 audit(1747831864.279:228): apparmor="DENIED" operation="mknod" class="file" profile="ubuntu_pro_esm_cache" name="/usr/lib/python3/dist-packages/uaclient/__pycache__/secret_manager.cpython-312.pyc.137939582768944" pid=1258 comm="python3" requested_mask="c" denied_mask="c" fsuid=0 ouid=0
2025-05-21T12:51:04+00:00 liaserver2 kernel: audit: type=1400 audit(1747831864.287:229): apparmor="DENIED" operation="mknod" class="file" profile="ubuntu_pro_esm_cache" name="/usr/lib/python3/dist-packages/uaclient/__pycache__/system.cpython-312.pyc.137939582770736" pid=1258 comm="python3" requested_mask="c" denied_mask="c" fsuid=0 ouid=0
2025-05-21T12:51:04+00:00 liaserver2 kernel: audit: type=1400 audit(1747831864.312:230): apparmor="DENIED" operation="mknod" class="file" profile="ubuntu_pro_esm_cache" name="/usr/lib/python3/dist-packages/uaclient/__pycache__/exceptions.cpython-312.pyc.137939583266096" pid=1258 comm="python3" requested_mask="c" denied_mask="c" fsuid=0 ouid=0
2025-05-21T12:51:04+00:00 liaserver2 kernel: audit: type=1400 audit(1747831864.326:231): apparmor="DENIED" operation="mknod" class="file" profile="ubuntu_pro_esm_cache" name="/usr/lib/python3/dist-packages/uaclient/messages/__pycache__/__init__.cpython-312.pyc.137939582008624" pid=1258 comm="python3" requested_mask="c" denied_mask="c" fsuid=0 ouid=0
2025-05-21T12:51:04+00:00 liaserver2 kernel: audit: type=1400 audit(1747831864.326:232): apparmor="DENIED" operation="mknod" class="file" profile="ubuntu_pro_esm_cache" name="/usr/lib/python3/dist-packages/uaclient/messages/__pycache__/urls.cpython-312.pyc.137939582008624" pid=1258 comm="python3" requested_mask="c" denied_mask="c" fsuid=0 ouid=0
2025-05-21T13:02:18+00:00 liaserver2 kernel: kauditd_printk_skb: 89 callbacks suppressed
2025-05-21T13:02:18+00:00 liaserver2 kernel: audit: type=1400 audit(1747832538.752:322): apparmor="DENIED" operation="mknod" class="file" profile="ubuntu_pro_apt_news" name="/usr/lib/python3/dist-packages/uaclient/__pycache__/__init__.cpython-312.pyc.140509986338608" pid=1482 comm="python3" requested_mask="c" denied_mask="c" fsuid=0 ouid=0
2025-05-21T13:02:18+00:00 liaserver2 kernel: audit: type=1400 audit(1747832538.769:323): apparmor="DENIED" operation="mknod" class="file" profile="ubuntu_pro_apt_news" name="/usr/lib/python3/dist-packages/uaclient/__pycache__/apt.cpython-312.pyc.140509986512256" pid=1482 comm="python3" requested_mask="c" denied_mask="c" fsuid=0 ouid=0
2025-05-21T13:02:18+00:00 liaserver2 kernel: audit: type=1400 audit(1747832538.801:324): apparmor="DENIED" operation="mknod" class="file" profile="ubuntu_pro_esm_cache" name="/usr/lib/python3/dist-packages/uaclient/__pycache__/__init__.cpython-312.pyc.124846981926320" pid=1483 comm="python3" requested_mask="c" denied_mask="c" fsuid=0 ouid=0
2025-05-21T13:02:18+00:00 liaserver2 kernel: audit: type=1400 audit(1747832538.803:325): apparmor="DENIED" operation="mknod" class="file" profile="ubuntu_pro_esm_cache" name="/usr/lib/python3/dist-packages/uaclient/__pycache__/log.cpython-312.pyc.124846983461136" pid=1483 comm="python3" requested_mask="c" denied_mask="c" fsuid=0 ouid=0
2025-05-21T13:02:18+00:00 liaserver2 kernel: audit: type=1400 audit(1747832538.815:326): apparmor="DENIED" operation="mknod" class="file" profile="ubuntu_pro_esm_cache" name="/usr/lib/python3/dist-packages/uaclient/__pycache__/defaults.cpython-312.pyc.124846980814640" pid=1483 comm="python3" requested_mask="c" denied_mask="c" fsuid=0 ouid=0
2025-05-21T13:02:18+00:00 liaserver2 kernel: audit: type=1400 audit(1747832538.815:327): apparmor="DENIED" operation="mknod" class="file" profile="ubuntu_pro_esm_cache" name="/usr/lib/python3/dist-packages/uaclient/__pycache__/secret_manager.cpython-312.pyc.124846980814640" pid=1483 comm="python3" requested_mask="c" denied_mask="c" fsuid=0 ouid=0
2025-05-21T13:02:18+00:00 liaserver2 kernel: audit: type=1400 audit(1747832538.824:328): apparmor="DENIED" operation="mknod" class="file" profile="ubuntu_pro_esm_cache" name="/usr/lib/python3/dist-packages/uaclient/__pycache__/system.cpython-312.pyc.124846980816432" pid=1483 comm="python3" requested_mask="c" denied_mask="c" fsuid=0 ouid=0
2025-05-21T13:02:18+00:00 liaserver2 kernel: audit: type=1400 audit(1747832538.843:329): apparmor="DENIED" operation="mknod" class="file" profile="ubuntu_pro_esm_cache" name="/usr/lib/python3/dist-packages/uaclient/__pycache__/exceptions.cpython-312.pyc.124846981246256" pid=1483 comm="python3" requested_mask="c" denied_mask="c" fsuid=0 ouid=0
2025-05-21T13:02:18+00:00 liaserver2 kernel: audit: type=1400 audit(1747832538.853:330): apparmor="DENIED" operation="mknod" class="file" profile="ubuntu_pro_esm_cache" name="/usr/lib/python3/dist-packages/uaclient/messages/__pycache__/__init__.cpython-312.pyc.124846980070704" pid=1483 comm="python3" requested_mask="c" denied_mask="c" fsuid=0 ouid=0
2025-05-21T13:02:18+00:00 liaserver2 kernel: audit: type=1400 audit(1747832538.857:331): apparmor="DENIED" operation="mknod" class="file" profile="ubuntu_pro_esm_cache" name="/usr/lib/python3/dist-packages/uaclient/messages/__pycache__/urls.cpython-312.pyc.124846980070704" pid=1483 comm="python3" requested_mask="c" denied_mask="c" fsuid=0 ouid=0
2025-05-21T13:08:33+00:00 liaserver2 kernel: kauditd_printk_skb: 89 callbacks suppressed
2025-05-21T13:08:33+00:00 liaserver2 kernel: audit: type=1400 audit(1747832913.890:421): apparmor="DENIED" operation="mknod" class="file" profile="ubuntu_pro_apt_news" name="/usr/lib/python3/dist-packages/uaclient/__pycache__/__init__.cpython-312.pyc.128487022311216" pid=1946 comm="python3" requested_mask="c" denied_mask="c" fsuid=0 ouid=0
2025-05-21T13:08:33+00:00 liaserver2 kernel: audit: type=1400 audit(1747832913.903:422): apparmor="DENIED" operation="mknod" class="file" profile="ubuntu_pro_apt_news" name="/usr/lib/python3/dist-packages/uaclient/__pycache__/apt.cpython-312.pyc.128487022484864" pid=1946 comm="python3" requested_mask="c" denied_mask="c" fsuid=0 ouid=0
2025-05-21T13:08:33+00:00 liaserver2 kernel: audit: type=1400 audit(1747832913.929:423): apparmor="DENIED" operation="mknod" class="file" profile="ubuntu_pro_esm_cache" name="/usr/lib/python3/dist-packages/uaclient/__pycache__/__init__.cpython-312.pyc.130390588542384" pid=1947 comm="python3" requested_mask="c" denied_mask="c" fsuid=0 ouid=0
2025-05-21T13:08:33+00:00 liaserver2 kernel: audit: type=1400 audit(1747832913.931:424): apparmor="DENIED" operation="mknod" class="file" profile="ubuntu_pro_esm_cache" name="/usr/lib/python3/dist-packages/uaclient/__pycache__/log.cpython-312.pyc.130390593255696" pid=1947 comm="python3" requested_mask="c" denied_mask="c" fsuid=0 ouid=0
2025-05-21T13:08:33+00:00 liaserver2 kernel: audit: type=1400 audit(1747832913.946:425): apparmor="DENIED" operation="mknod" class="file" profile="ubuntu_pro_esm_cache" name="/usr/lib/python3/dist-packages/uaclient/__pycache__/defaults.cpython-312.pyc.130390587414320" pid=1947 comm="python3" requested_mask="c" denied_mask="c" fsuid=0 ouid=0
2025-05-21T13:08:33+00:00 liaserver2 kernel: audit: type=1400 audit(1747832913.947:426): apparmor="DENIED" operation="mknod" class="file" profile="ubuntu_pro_esm_cache" name="/usr/lib/python3/dist-packages/uaclient/__pycache__/secret_manager.cpython-312.pyc.130390587414320" pid=1947 comm="python3" requested_mask="c" denied_mask="c" fsuid=0 ouid=0
2025-05-21T13:08:33+00:00 liaserver2 kernel: audit: type=1400 audit(1747832913.959:427): apparmor="DENIED" operation="mknod" class="file" profile="ubuntu_pro_esm_cache" name="/usr/lib/python3/dist-packages/uaclient/__pycache__/system.cpython-312.pyc.130390587416112" pid=1947 comm="python3" requested_mask="c" denied_mask="c" fsuid=0 ouid=0
2025-05-21T13:08:33+00:00 liaserver2 kernel: audit: type=1400 audit(1747832913.983:428): apparmor="DENIED" operation="mknod" class="file" profile="ubuntu_pro_esm_cache" name="/usr/lib/python3/dist-packages/uaclient/__pycache__/exceptions.cpython-312.pyc.130390587895088" pid=1947 comm="python3" requested_mask="c" denied_mask="c" fsuid=0 ouid=0
2025-05-21T13:08:33+00:00 liaserver2 kernel: audit: type=1400 audit(1747832913.993:429): apparmor="DENIED" operation="mknod" class="file" profile="ubuntu_pro_esm_cache" name="/usr/lib/python3/dist-packages/uaclient/messages/__pycache__/__init__.cpython-312.pyc.130390586654000" pid=1947 comm="python3" requested_mask="c" denied_mask="c" fsuid=0 ouid=0
2025-05-21T13:08:33+00:00 liaserver2 kernel: audit: type=1400 audit(1747832913.993:430): apparmor="DENIED" operation="mknod" class="file" profile="ubuntu_pro_esm_cache" name="/usr/lib/python3/dist-packages/uaclient/messages/__pycache__/urls.cpython-312.pyc.130390586654000" pid=1947 comm="python3" requested_mask="c" denied_mask="c" fsuid=0 ouid=0
2025-05-21T13:17:46+00:00 liaserver2 kernel: kauditd_printk_skb: 89 callbacks suppressed
2025-05-21T13:17:46+00:00 liaserver2 kernel: audit: type=1400 audit(1747833466.641:520): apparmor="DENIED" operation="mknod" class="file" profile="ubuntu_pro_apt_news" name="/usr/lib/python3/dist-packages/uaclient/__pycache__/__init__.cpython-312.pyc.126775976982320" pid=2026 comm="python3" requested_mask="c" denied_mask="c" fsuid=0 ouid=0
2025-05-21T13:17:46+00:00 liaserver2 kernel: audit: type=1400 audit(1747833466.656:521): apparmor="DENIED" operation="mknod" class="file" profile="ubuntu_pro_apt_news" name="/usr/lib/python3/dist-packages/uaclient/__pycache__/apt.cpython-312.pyc.126775977155968" pid=2026 comm="python3" requested_mask="c" denied_mask="c" fsuid=0 ouid=0
2025-05-21T13:17:46+00:00 liaserver2 kernel: audit: type=1400 audit(1747833466.668:522): apparmor="DENIED" operation="mknod" class="file" profile="ubuntu_pro_esm_cache" name="/usr/lib/python3/dist-packages/uaclient/__pycache__/__init__.cpython-312.pyc.139265625689520" pid=2027 comm="python3" requested_mask="c" denied_mask="c" fsuid=0 ouid=0
2025-05-21T13:17:46+00:00 liaserver2 kernel: audit: type=1400 audit(1747833466.668:523): apparmor="DENIED" operation="mknod" class="file" profile="ubuntu_pro_esm_cache" name="/usr/lib/python3/dist-packages/uaclient/__pycache__/log.cpython-312.pyc.139265627240720" pid=2027 comm="python3" requested_mask="c" denied_mask="c" fsuid=0 ouid=0
2025-05-21T13:17:46+00:00 liaserver2 kernel: audit: type=1400 audit(1747833466.686:524): apparmor="DENIED" operation="mknod" class="file" profile="ubuntu_pro_esm_cache" name="/usr/lib/python3/dist-packages/uaclient/__pycache__/defaults.cpython-312.pyc.139265624561456" pid=2027 comm="python3" requested_mask="c" denied_mask="c" fsuid=0 ouid=0
2025-05-21T13:17:46+00:00 liaserver2 kernel: audit: type=1400 audit(1747833466.686:525): apparmor="DENIED" operation="mknod" class="file" profile="ubuntu_pro_esm_cache" name="/usr/lib/python3/dist-packages/uaclient/__pycache__/secret_manager.cpython-312.pyc.139265624561456" pid=2027 comm="python3" requested_mask="c" denied_mask="c" fsuid=0 ouid=0
2025-05-21T13:17:46+00:00 liaserver2 kernel: audit: type=1400 audit(1747833466.695:526): apparmor="DENIED" operation="mknod" class="file" profile="ubuntu_pro_esm_cache" name="/usr/lib/python3/dist-packages/uaclient/__pycache__/system.cpython-312.pyc.139265624563248" pid=2027 comm="python3" requested_mask="c" denied_mask="c" fsuid=0 ouid=0
2025-05-21T13:17:46+00:00 liaserver2 kernel: audit: type=1400 audit(1747833466.718:527): apparmor="DENIED" operation="mknod" class="file" profile="ubuntu_pro_esm_cache" name="/usr/lib/python3/dist-packages/uaclient/__pycache__/exceptions.cpython-312.pyc.139265625058608" pid=2027 comm="python3" requested_mask="c" denied_mask="c" fsuid=0 ouid=0
2025-05-21T13:17:46+00:00 liaserver2 kernel: audit: type=1400 audit(1747833466.732:528): apparmor="DENIED" operation="mknod" class="file" profile="ubuntu_pro_esm_cache" name="/usr/lib/python3/dist-packages/uaclient/messages/__pycache__/__init__.cpython-312.pyc.139265623801136" pid=2027 comm="python3" requested_mask="c" denied_mask="c" fsuid=0 ouid=0
2025-05-21T13:17:46+00:00 liaserver2 kernel: audit: type=1400 audit(1747833466.735:529): apparmor="DENIED" operation="mknod" class="file" profile="ubuntu_pro_esm_cache" name="/usr/lib/python3/dist-packages/uaclient/messages/__pycache__/urls.cpython-312.pyc.139265623801136" pid=2027 comm="python3" requested_mask="c" denied_mask="c" fsuid=0 ouid=0
2025-05-21T13:32:08+00:00 liaserver2 kernel: Linux version 6.8.0-53-generic (buildd@lcy02-amd64-046) (x86_64-linux-gnu-gcc-13 (Ubuntu 13.3.0-6ubuntu2~24.04) 13.3.0, GNU ld (GNU Binutils for Ubuntu) 2.42) #55-Ubuntu SMP PREEMPT_DYNAMIC Fri Jan 17 15:37:52 UTC 2025 (Ubuntu 6.8.0-53.55-generic 6.8.12)
2025-05-21T13:32:08+00:00 liaserver2 kernel: Command line: BOOT_IMAGE=/vmlinuz-6.8.0-53-generic root=/dev/mapper/ubuntu--vg-ubuntu--lv ro
2025-05-21T13:32:08+00:00 liaserver2 kernel: KERNEL supported cpus:
2025-05-21T13:32:08+00:00 liaserver2 kernel:   Intel GenuineIntel
2025-05-21T13:32:08+00:00 liaserver2 kernel:   AMD AuthenticAMD
2025-05-21T13:32:08+00:00 liaserver2 kernel:   Hygon HygonGenuine
2025-05-21T13:32:08+00:00 liaserver2 kernel:   Centaur CentaurHauls
2025-05-21T13:32:08+00:00 liaserver2 kernel:   zhaoxin   Shanghai  
2025-05-21T13:32:08+00:00 liaserver2 kernel: [Firmware Bug]: TSC doesn't count with P0 frequency!
2025-05-21T13:32:08+00:00 liaserver2 kernel: BIOS-provided physical RAM map:
2025-05-21T13:32:08+00:00 liaserver2 kernel: BIOS-e820: [mem 0x0000000000000000-0x000000000009fbff] usable
2025-05-21T13:32:08+00:00 liaserver2 kernel: BIOS-e820: [mem 0x000000000009fc00-0x000000000009ffff] reserved
2025-05-21T13:32:08+00:00 liaserver2 kernel: BIOS-e820: [mem 0x00000000000f0000-0x00000000000fffff] reserved
2025-05-21T13:32:08+00:00 liaserver2 kernel: BIOS-e820: [mem 0x0000000000100000-0x000000007ffeffff] usable
2025-05-21T13:32:08+00:00 liaserver2 kernel: BIOS-e820: [mem 0x000000007fff0000-0x000000007fffffff] ACPI data
2025-05-21T13:32:08+00:00 liaserver2 kernel: BIOS-e820: [mem 0x00000000fec00000-0x00000000fec00fff] reserved
2025-05-21T13:32:08+00:00 liaserver2 kernel: BIOS-e820: [mem 0x00000000fee00000-0x00000000fee00fff] reserved
2025-05-21T13:32:08+00:00 liaserver2 kernel: BIOS-e820: [mem 0x00000000fffc0000-0x00000000ffffffff] reserved
2025-05-21T13:32:08+00:00 liaserver2 kernel: NX (Execute Disable) protection: active
2025-05-21T13:32:08+00:00 liaserver2 kernel: APIC: Static calls initialized
2025-05-21T13:32:08+00:00 liaserver2 kernel: SMBIOS 2.5 present.
2025-05-21T13:32:08+00:00 liaserver2 kernel: DMI: innotek GmbH VirtualBox/VirtualBox, BIOS VirtualBox 12/01/2006
2025-05-21T13:32:08+00:00 liaserver2 kernel: Hypervisor detected: KVM
2025-05-21T13:32:08+00:00 liaserver2 kernel: kvm-clock: Using msrs 4b564d01 and 4b564d00
2025-05-21T13:32:08+00:00 liaserver2 kernel: kvm-clock: using sched offset of 5568139459 cycles
2025-05-21T13:32:08+00:00 liaserver2 kernel: clocksource: kvm-clock: mask: 0xffffffffffffffff max_cycles: 0x1cd42e4dffb, max_idle_ns: 881590591483 ns
2025-05-21T13:32:08+00:00 liaserver2 kernel: tsc: Detected 2096.060 MHz processor
2025-05-21T13:32:08+00:00 liaserver2 kernel: e820: update [mem 0x00000000-0x00000fff] usable ==> reserved
2025-05-21T13:32:08+00:00 liaserver2 kernel: e820: remove [mem 0x000a0000-0x000fffff] usable
2025-05-21T13:32:08+00:00 liaserver2 kernel: last_pfn = 0x7fff0 max_arch_pfn = 0x400000000
2025-05-21T13:32:08+00:00 liaserver2 kernel: MTRR map: 4 entries (3 fixed + 1 variable; max 35), built from 16 variable MTRRs
2025-05-21T13:32:08+00:00 liaserver2 kernel: x86/PAT: Configuration [0-7]: WB  WC  UC- UC  WB  WP  UC- WT  
2025-05-21T13:32:08+00:00 liaserver2 kernel: found SMP MP-table at [mem 0x0009fbf0-0x0009fbff]
2025-05-21T13:32:08+00:00 liaserver2 kernel: RAMDISK: [mem 0x2ffb7000-0x33fd2fff]
2025-05-21T13:32:08+00:00 liaserver2 kernel: ACPI: Early table checksum verification disabled
2025-05-21T13:32:08+00:00 liaserver2 kernel: ACPI: RSDP 0x00000000000E0000 000024 (v02 VBOX  )
2025-05-21T13:32:08+00:00 liaserver2 kernel: ACPI: XSDT 0x000000007FFF0030 00003C (v01 VBOX   VBOXXSDT 00000001 ASL  00000061)
2025-05-21T13:32:08+00:00 liaserver2 kernel: ACPI: FACP 0x000000007FFF00F0 0000F4 (v04 VBOX   VBOXFACP 00000001 ASL  00000061)
2025-05-21T13:32:08+00:00 liaserver2 kernel: ACPI: DSDT 0x000000007FFF0610 002353 (v02 VBOX   VBOXBIOS 00000002 INTL 20100528)
2025-05-21T13:32:08+00:00 liaserver2 kernel: ACPI: FACS 0x000000007FFF0200 000040
2025-05-21T13:32:08+00:00 liaserver2 kernel: ACPI: FACS 0x000000007FFF0200 000040
2025-05-21T13:32:08+00:00 liaserver2 kernel: ACPI: APIC 0x000000007FFF0240 00005C (v02 VBOX   VBOXAPIC 00000001 ASL  00000061)
2025-05-21T13:32:08+00:00 liaserver2 kernel: ACPI: SSDT 0x000000007FFF02A0 00036C (v01 VBOX   VBOXCPUT 00000002 INTL 20100528)
2025-05-21T13:32:08+00:00 liaserver2 kernel: ACPI: Reserving FACP table memory at [mem 0x7fff00f0-0x7fff01e3]
2025-05-21T13:32:08+00:00 liaserver2 kernel: ACPI: Reserving DSDT table memory at [mem 0x7fff0610-0x7fff2962]
2025-05-21T13:32:08+00:00 liaserver2 kernel: ACPI: Reserving FACS table memory at [mem 0x7fff0200-0x7fff023f]
2025-05-21T13:32:08+00:00 liaserver2 kernel: ACPI: Reserving FACS table memory at [mem 0x7fff0200-0x7fff023f]
2025-05-21T13:32:08+00:00 liaserver2 kernel: ACPI: Reserving APIC table memory at [mem 0x7fff0240-0x7fff029b]
2025-05-21T13:32:08+00:00 liaserver2 kernel: ACPI: Reserving SSDT table memory at [mem 0x7fff02a0-0x7fff060b]
2025-05-21T13:32:08+00:00 liaserver2 kernel: No NUMA configuration found
2025-05-21T13:32:08+00:00 liaserver2 kernel: Faking a node at [mem 0x0000000000000000-0x000000007ffeffff]
2025-05-21T13:32:08+00:00 liaserver2 kernel: NODE_DATA(0) allocated [mem 0x7ffc5000-0x7ffeffff]
2025-05-21T13:32:08+00:00 liaserver2 kernel: Zone ranges:
2025-05-21T13:32:08+00:00 liaserver2 kernel:   DMA      [mem 0x0000000000001000-0x0000000000ffffff]
2025-05-21T13:32:08+00:00 liaserver2 kernel:   DMA32    [mem 0x0000000001000000-0x000000007ffeffff]
2025-05-21T13:32:08+00:00 liaserver2 kernel:   Normal   empty
2025-05-21T13:32:08+00:00 liaserver2 kernel:   Device   empty
2025-05-21T13:32:08+00:00 liaserver2 kernel: Movable zone start for each node
2025-05-21T13:32:08+00:00 liaserver2 kernel: Early memory node ranges
2025-05-21T13:32:08+00:00 liaserver2 kernel:   node   0: [mem 0x0000000000001000-0x000000000009efff]
2025-05-21T13:32:08+00:00 liaserver2 kernel:   node   0: [mem 0x0000000000100000-0x000000007ffeffff]
2025-05-21T13:32:08+00:00 liaserver2 kernel: Initmem setup node 0 [mem 0x0000000000001000-0x000000007ffeffff]
2025-05-21T13:32:08+00:00 liaserver2 kernel: On node 0, zone DMA: 1 pages in unavailable ranges
2025-05-21T13:32:08+00:00 liaserver2 kernel: On node 0, zone DMA: 97 pages in unavailable ranges
2025-05-21T13:32:08+00:00 liaserver2 kernel: On node 0, zone DMA32: 16 pages in unavailable ranges
2025-05-21T13:32:08+00:00 liaserver2 kernel: ACPI: PM-Timer IO Port: 0x4008
2025-05-21T13:32:08+00:00 liaserver2 kernel: IOAPIC[0]: apic_id 2, version 32, address 0xfec00000, GSI 0-23
2025-05-21T13:32:08+00:00 liaserver2 kernel: ACPI: INT_SRC_OVR (bus 0 bus_irq 0 global_irq 2 dfl dfl)
2025-05-21T13:32:08+00:00 liaserver2 kernel: ACPI: INT_SRC_OVR (bus 0 bus_irq 9 global_irq 9 low level)
2025-05-21T13:32:08+00:00 liaserver2 kernel: ACPI: Using ACPI (MADT) for SMP configuration information
2025-05-21T13:32:08+00:00 liaserver2 kernel: smpboot: Allowing 2 CPUs, 0 hotplug CPUs
2025-05-21T13:32:08+00:00 liaserver2 kernel: PM: hibernation: Registered nosave memory: [mem 0x00000000-0x00000fff]
2025-05-21T13:32:08+00:00 liaserver2 kernel: PM: hibernation: Registered nosave memory: [mem 0x0009f000-0x0009ffff]
2025-05-21T13:32:08+00:00 liaserver2 kernel: PM: hibernation: Registered nosave memory: [mem 0x000a0000-0x000effff]
2025-05-21T13:32:08+00:00 liaserver2 kernel: PM: hibernation: Registered nosave memory: [mem 0x000f0000-0x000fffff]
2025-05-21T13:32:08+00:00 liaserver2 kernel: [mem 0x80000000-0xfebfffff] available for PCI devices
2025-05-21T13:32:08+00:00 liaserver2 kernel: Booting paravirtualized kernel on KVM
2025-05-21T13:32:08+00:00 liaserver2 kernel: clocksource: refined-jiffies: mask: 0xffffffff max_cycles: 0xffffffff, max_idle_ns: 1910969940391419 ns
2025-05-21T13:32:08+00:00 liaserver2 kernel: setup_percpu: NR_CPUS:8192 nr_cpumask_bits:2 nr_cpu_ids:2 nr_node_ids:1
2025-05-21T13:32:08+00:00 liaserver2 kernel: percpu: Embedded 86 pages/cpu s229376 r8192 d114688 u1048576
2025-05-21T13:32:08+00:00 liaserver2 kernel: pcpu-alloc: s229376 r8192 d114688 u1048576 alloc=1*2097152
2025-05-21T13:32:08+00:00 liaserver2 kernel: pcpu-alloc: [0] 0 1 
2025-05-21T13:32:08+00:00 liaserver2 kernel: kvm-guest: PV spinlocks enabled
2025-05-21T13:32:08+00:00 liaserver2 kernel: PV qspinlock hash table entries: 256 (order: 0, 4096 bytes, linear)
2025-05-21T13:32:08+00:00 liaserver2 kernel: Kernel command line: BOOT_IMAGE=/vmlinuz-6.8.0-53-generic root=/dev/mapper/ubuntu--vg-ubuntu--lv ro
2025-05-21T13:32:08+00:00 liaserver2 kernel: Unknown kernel command line parameters "BOOT_IMAGE=/vmlinuz-6.8.0-53-generic", will be passed to user space.
2025-05-21T13:32:08+00:00 liaserver2 kernel: random: crng init done
2025-05-21T13:32:08+00:00 liaserver2 kernel: Dentry cache hash table entries: 262144 (order: 9, 2097152 bytes, linear)
2025-05-21T13:32:08+00:00 liaserver2 kernel: Inode-cache hash table entries: 131072 (order: 8, 1048576 bytes, linear)
2025-05-21T13:32:08+00:00 liaserver2 kernel: Fallback order for Node 0: 0 
2025-05-21T13:32:08+00:00 liaserver2 kernel: Built 1 zonelists, mobility grouping on.  Total pages: 515824
2025-05-21T13:32:08+00:00 liaserver2 kernel: Policy zone: DMA32
2025-05-21T13:32:08+00:00 liaserver2 kernel: mem auto-init: stack:all(zero), heap alloc:on, heap free:off
2025-05-21T13:32:08+00:00 liaserver2 kernel: Memory: 1940072K/2096696K available (22528K kernel code, 4443K rwdata, 14344K rodata, 4988K init, 4716K bss, 156364K reserved, 0K cma-reserved)
2025-05-21T13:32:08+00:00 liaserver2 kernel: SLUB: HWalign=64, Order=0-3, MinObjects=0, CPUs=2, Nodes=1
2025-05-21T13:32:08+00:00 liaserver2 kernel: ftrace: allocating 58006 entries in 227 pages
2025-05-21T13:32:08+00:00 liaserver2 kernel: ftrace: allocated 227 pages with 5 groups
2025-05-21T13:32:08+00:00 liaserver2 kernel: Dynamic Preempt: voluntary
2025-05-21T13:32:08+00:00 liaserver2 kernel: rcu: Preemptible hierarchical RCU implementation.
2025-05-21T13:32:08+00:00 liaserver2 kernel: rcu: #011RCU restricting CPUs from NR_CPUS=8192 to nr_cpu_ids=2.
2025-05-21T13:32:08+00:00 liaserver2 kernel: #011Trampoline variant of Tasks RCU enabled.
2025-05-21T13:32:08+00:00 liaserver2 kernel: #011Rude variant of Tasks RCU enabled.
2025-05-21T13:32:08+00:00 liaserver2 kernel: #011Tracing variant of Tasks RCU enabled.
2025-05-21T13:32:08+00:00 liaserver2 kernel: rcu: RCU calculated value of scheduler-enlistment delay is 100 jiffies.
2025-05-21T13:32:08+00:00 liaserver2 kernel: rcu: Adjusting geometry for rcu_fanout_leaf=16, nr_cpu_ids=2
2025-05-21T13:32:08+00:00 liaserver2 kernel: NR_IRQS: 524544, nr_irqs: 440, preallocated irqs: 16
2025-05-21T13:32:08+00:00 liaserver2 kernel: rcu: srcu_init: Setting srcu_struct sizes based on contention.
2025-05-21T13:32:08+00:00 liaserver2 kernel: Console: colour VGA+ 80x25
2025-05-21T13:32:08+00:00 liaserver2 kernel: printk: legacy console [tty0] enabled
2025-05-21T13:32:08+00:00 liaserver2 kernel: ACPI: Core revision 20230628
2025-05-21T13:32:08+00:00 liaserver2 kernel: APIC: Switch to symmetric I/O mode setup
2025-05-21T13:32:08+00:00 liaserver2 kernel: x2apic enabled
2025-05-21T13:32:08+00:00 liaserver2 kernel: APIC: Switched APIC routing to: physical x2apic
2025-05-21T13:32:08+00:00 liaserver2 kernel: ..TIMER: vector=0x30 apic1=0 pin1=2 apic2=-1 pin2=-1
2025-05-21T13:32:08+00:00 liaserver2 kernel: clocksource: tsc-early: mask: 0xffffffffffffffff max_cycles: 0x1e36a685b69, max_idle_ns: 440795255641 ns
2025-05-21T13:32:08+00:00 liaserver2 kernel: Calibrating delay loop (skipped) preset value.. 4192.12 BogoMIPS (lpj=2096060)
2025-05-21T13:32:08+00:00 liaserver2 kernel: Last level iTLB entries: 4KB 1024, 2MB 1024, 4MB 512
2025-05-21T13:32:08+00:00 liaserver2 kernel: Last level dTLB entries: 4KB 2048, 2MB 2048, 4MB 1024, 1GB 0
2025-05-21T13:32:08+00:00 liaserver2 kernel: Spectre V1 : Mitigation: usercopy/swapgs barriers and __user pointer sanitization
2025-05-21T13:32:08+00:00 liaserver2 kernel: Spectre V2 : Mitigation: Retpolines
2025-05-21T13:32:08+00:00 liaserver2 kernel: Spectre V2 : Spectre v2 / SpectreRSB mitigation: Filling RSB on context switch
2025-05-21T13:32:08+00:00 liaserver2 kernel: Spectre V2 : Spectre v2 / SpectreRSB : Filling RSB on VMEXIT
2025-05-21T13:32:08+00:00 liaserver2 kernel: RETBleed: Mitigation: untrained return thunk
2025-05-21T13:32:08+00:00 liaserver2 kernel: Speculative Return Stack Overflow: IBPB-extending microcode not applied!
2025-05-21T13:32:08+00:00 liaserver2 kernel: Speculative Return Stack Overflow: WARNING: See https://kernel.org/doc/html/latest/admin-guide/hw-vuln/srso.html for mitigation options.
2025-05-21T13:32:08+00:00 liaserver2 kernel: Speculative Return Stack Overflow: Vulnerable: Safe RET, no microcode
2025-05-21T13:32:08+00:00 liaserver2 kernel: x86/fpu: Supporting XSAVE feature 0x001: 'x87 floating point registers'
2025-05-21T13:32:08+00:00 liaserver2 kernel: x86/fpu: Supporting XSAVE feature 0x002: 'SSE registers'
2025-05-21T13:32:08+00:00 liaserver2 kernel: x86/fpu: Supporting XSAVE feature 0x004: 'AVX registers'
2025-05-21T13:32:08+00:00 liaserver2 kernel: x86/fpu: xstate_offset[2]:  576, xstate_sizes[2]:  256
2025-05-21T13:32:08+00:00 liaserver2 kernel: x86/fpu: Enabled xstate features 0x7, context size is 832 bytes, using 'standard' format.
2025-05-21T13:32:08+00:00 liaserver2 kernel: Freeing SMP alternatives memory: 48K
2025-05-21T13:32:08+00:00 liaserver2 kernel: pid_max: default: 32768 minimum: 301
2025-05-21T13:32:08+00:00 liaserver2 kernel: LSM: initializing lsm=lockdown,capability,landlock,yama,apparmor,integrity
2025-05-21T13:32:08+00:00 liaserver2 kernel: landlock: Up and running.
2025-05-21T13:32:08+00:00 liaserver2 kernel: Yama: becoming mindful.
2025-05-21T13:32:08+00:00 liaserver2 kernel: AppArmor: AppArmor initialized
2025-05-21T13:32:08+00:00 liaserver2 kernel: Mount-cache hash table entries: 4096 (order: 3, 32768 bytes, linear)
2025-05-21T13:32:08+00:00 liaserver2 kernel: Mountpoint-cache hash table entries: 4096 (order: 3, 32768 bytes, linear)
2025-05-21T13:32:08+00:00 liaserver2 kernel: smpboot: CPU0: AMD Ryzen 5 5500U with Radeon Graphics (family: 0x17, model: 0x68, stepping: 0x1)
2025-05-21T13:32:08+00:00 liaserver2 kernel: RCU Tasks: Setting shift to 1 and lim to 1 rcu_task_cb_adjust=1 rcu_task_cpu_ids=2.
2025-05-21T13:32:08+00:00 liaserver2 kernel: RCU Tasks Rude: Setting shift to 1 and lim to 1 rcu_task_cb_adjust=1 rcu_task_cpu_ids=2.
2025-05-21T13:32:08+00:00 liaserver2 kernel: RCU Tasks Trace: Setting shift to 1 and lim to 1 rcu_task_cb_adjust=1 rcu_task_cpu_ids=2.
2025-05-21T13:32:08+00:00 liaserver2 kernel: Performance Events: PMU not available due to virtualization, using software events only.
2025-05-21T13:32:08+00:00 liaserver2 kernel: signal: max sigframe size: 1776
2025-05-21T13:32:08+00:00 liaserver2 kernel: rcu: Hierarchical SRCU implementation.
2025-05-21T13:32:08+00:00 liaserver2 kernel: rcu: #011Max phase no-delay instances is 400.
2025-05-21T13:32:08+00:00 liaserver2 kernel: NMI watchdog: Perf NMI watchdog permanently disabled
2025-05-21T13:32:08+00:00 liaserver2 kernel: smp: Bringing up secondary CPUs ...
2025-05-21T13:32:08+00:00 liaserver2 kernel: smpboot: x86: Booting SMP configuration:
2025-05-21T13:32:08+00:00 liaserver2 kernel: .... node  #0, CPUs:      #1
2025-05-21T13:32:08+00:00 liaserver2 kernel: smp: Brought up 1 node, 2 CPUs
2025-05-21T13:32:08+00:00 liaserver2 kernel: smpboot: Max logical packages: 1
2025-05-21T13:32:08+00:00 liaserver2 kernel: smpboot: Total of 2 processors activated (8384.24 BogoMIPS)
2025-05-21T13:32:08+00:00 liaserver2 kernel: devtmpfs: initialized
2025-05-21T13:32:08+00:00 liaserver2 kernel: x86/mm: Memory block size: 128MB
2025-05-21T13:32:08+00:00 liaserver2 kernel: clocksource: jiffies: mask: 0xffffffff max_cycles: 0xffffffff, max_idle_ns: 1911260446275000 ns
2025-05-21T13:32:08+00:00 liaserver2 kernel: futex hash table entries: 512 (order: 3, 32768 bytes, linear)
2025-05-21T13:32:08+00:00 liaserver2 kernel: pinctrl core: initialized pinctrl subsystem
2025-05-21T13:32:08+00:00 liaserver2 kernel: PM: RTC time: 13:31:58, date: 2025-05-21
2025-05-21T13:32:08+00:00 liaserver2 kernel: NET: Registered PF_NETLINK/PF_ROUTE protocol family
2025-05-21T13:32:08+00:00 liaserver2 kernel: DMA: preallocated 256 KiB GFP_KERNEL pool for atomic allocations
2025-05-21T13:32:08+00:00 liaserver2 kernel: DMA: preallocated 256 KiB GFP_KERNEL|GFP_DMA pool for atomic allocations
2025-05-21T13:32:08+00:00 liaserver2 kernel: DMA: preallocated 256 KiB GFP_KERNEL|GFP_DMA32 pool for atomic allocations
2025-05-21T13:32:08+00:00 liaserver2 kernel: audit: initializing netlink subsys (disabled)
2025-05-21T13:32:08+00:00 liaserver2 kernel: audit: type=2000 audit(1747834325.653:1): state=initialized audit_enabled=0 res=1
2025-05-21T13:32:08+00:00 liaserver2 kernel: thermal_sys: Registered thermal governor 'fair_share'
2025-05-21T13:32:08+00:00 liaserver2 kernel: thermal_sys: Registered thermal governor 'bang_bang'
2025-05-21T13:32:08+00:00 liaserver2 kernel: thermal_sys: Registered thermal governor 'step_wise'
2025-05-21T13:32:08+00:00 liaserver2 kernel: thermal_sys: Registered thermal governor 'user_space'
2025-05-21T13:32:08+00:00 liaserver2 kernel: thermal_sys: Registered thermal governor 'power_allocator'
